Archive member included to satisfy reference by file (symbol)

/usr/lib/gcc/arm-none-eabi/14.2.0/../../../../arm-none-eabi/lib/thumb/v7e-m+fp/hard/libc_nano.a(libc_a-atexit.o)
                              /usr/lib/gcc/arm-none-eabi/14.2.0/../../../../arm-none-eabi/lib/thumb/v7e-m+fp/hard/crt0.o (atexit)
/usr/lib/gcc/arm-none-eabi/14.2.0/../../../../arm-none-eabi/lib/thumb/v7e-m+fp/hard/libc_nano.a(libc_a-exit.o)
                              /usr/lib/gcc/arm-none-eabi/14.2.0/../../../../arm-none-eabi/lib/thumb/v7e-m+fp/hard/crt0.o (exit)
/usr/lib/gcc/arm-none-eabi/14.2.0/../../../../arm-none-eabi/lib/thumb/v7e-m+fp/hard/libc_nano.a(libc_a-nano-vfprintf_float.o)
                              (_printf_float)
/usr/lib/gcc/arm-none-eabi/14.2.0/../../../../arm-none-eabi/lib/thumb/v7e-m+fp/hard/libc_nano.a(libc_a-nano-vfprintf_i.o)
                              /usr/lib/gcc/arm-none-eabi/14.2.0/../../../../arm-none-eabi/lib/thumb/v7e-m+fp/hard/libc_nano.a(libc_a-nano-vfprintf_float.o) (_printf_common)
/usr/lib/gcc/arm-none-eabi/14.2.0/../../../../arm-none-eabi/lib/thumb/v7e-m+fp/hard/libc_nano.a(libc_a-findfp.o)
                              /usr/lib/gcc/arm-none-eabi/14.2.0/../../../../arm-none-eabi/lib/thumb/v7e-m+fp/hard/libc_nano.a(libc_a-exit.o) (__stdio_exit_handler)
/usr/lib/gcc/arm-none-eabi/14.2.0/../../../../arm-none-eabi/lib/thumb/v7e-m+fp/hard/libc_nano.a(libc_a-fwalk.o)
                              /usr/lib/gcc/arm-none-eabi/14.2.0/../../../../arm-none-eabi/lib/thumb/v7e-m+fp/hard/libc_nano.a(libc_a-findfp.o) (_fwalk_sglue)
/usr/lib/gcc/arm-none-eabi/14.2.0/../../../../arm-none-eabi/lib/thumb/v7e-m+fp/hard/libc_nano.a(libc_a-sprintf.o)
                              build/debug/main.o (sprintf)
/usr/lib/gcc/arm-none-eabi/14.2.0/../../../../arm-none-eabi/lib/thumb/v7e-m+fp/hard/libc_nano.a(libc_a-stdio.o)
                              /usr/lib/gcc/arm-none-eabi/14.2.0/../../../../arm-none-eabi/lib/thumb/v7e-m+fp/hard/libc_nano.a(libc_a-findfp.o) (__sread)
/usr/lib/gcc/arm-none-eabi/14.2.0/../../../../arm-none-eabi/lib/thumb/v7e-m+fp/hard/libc_nano.a(libc_a-memset.o)
                              /usr/lib/gcc/arm-none-eabi/14.2.0/../../../../arm-none-eabi/lib/thumb/v7e-m+fp/hard/crt0.o (memset)
/usr/lib/gcc/arm-none-eabi/14.2.0/../../../../arm-none-eabi/lib/thumb/v7e-m+fp/hard/libc_nano.a(libc_a-strcat.o)
                              build/debug/communication.o (strcat)
/usr/lib/gcc/arm-none-eabi/14.2.0/../../../../arm-none-eabi/lib/thumb/v7e-m+fp/hard/libc_nano.a(libc_a-localeconv.o)
                              /usr/lib/gcc/arm-none-eabi/14.2.0/../../../../arm-none-eabi/lib/thumb/v7e-m+fp/hard/libc_nano.a(libc_a-nano-vfprintf_float.o) (_localeconv_r)
/usr/lib/gcc/arm-none-eabi/14.2.0/../../../../arm-none-eabi/lib/thumb/v7e-m+fp/hard/libc_nano.a(libc_a-closer.o)
                              /usr/lib/gcc/arm-none-eabi/14.2.0/../../../../arm-none-eabi/lib/thumb/v7e-m+fp/hard/libc_nano.a(libc_a-stdio.o) (_close_r)
/usr/lib/gcc/arm-none-eabi/14.2.0/../../../../arm-none-eabi/lib/thumb/v7e-m+fp/hard/libc_nano.a(libc_a-reent.o)
                              /usr/lib/gcc/arm-none-eabi/14.2.0/../../../../arm-none-eabi/lib/thumb/v7e-m+fp/hard/libc_nano.a(libc_a-closer.o) (errno)
/usr/lib/gcc/arm-none-eabi/14.2.0/../../../../arm-none-eabi/lib/thumb/v7e-m+fp/hard/libc_nano.a(libc_a-impure.o)
                              /usr/lib/gcc/arm-none-eabi/14.2.0/../../../../arm-none-eabi/lib/thumb/v7e-m+fp/hard/libc_nano.a(libc_a-sprintf.o) (_impure_ptr)
/usr/lib/gcc/arm-none-eabi/14.2.0/../../../../arm-none-eabi/lib/thumb/v7e-m+fp/hard/libc_nano.a(libc_a-lseekr.o)
                              /usr/lib/gcc/arm-none-eabi/14.2.0/../../../../arm-none-eabi/lib/thumb/v7e-m+fp/hard/libc_nano.a(libc_a-stdio.o) (_lseek_r)
/usr/lib/gcc/arm-none-eabi/14.2.0/../../../../arm-none-eabi/lib/thumb/v7e-m+fp/hard/libc_nano.a(libc_a-readr.o)
                              /usr/lib/gcc/arm-none-eabi/14.2.0/../../../../arm-none-eabi/lib/thumb/v7e-m+fp/hard/libc_nano.a(libc_a-stdio.o) (_read_r)
/usr/lib/gcc/arm-none-eabi/14.2.0/../../../../arm-none-eabi/lib/thumb/v7e-m+fp/hard/libc_nano.a(libc_a-writer.o)
                              /usr/lib/gcc/arm-none-eabi/14.2.0/../../../../arm-none-eabi/lib/thumb/v7e-m+fp/hard/libc_nano.a(libc_a-stdio.o) (_write_r)
/usr/lib/gcc/arm-none-eabi/14.2.0/../../../../arm-none-eabi/lib/thumb/v7e-m+fp/hard/libc_nano.a(libc_a-errno.o)
                              build/debug/syscalls.o (__errno)
/usr/lib/gcc/arm-none-eabi/14.2.0/../../../../arm-none-eabi/lib/thumb/v7e-m+fp/hard/libc_nano.a(libc_a-init.o)
                              /usr/lib/gcc/arm-none-eabi/14.2.0/../../../../arm-none-eabi/lib/thumb/v7e-m+fp/hard/crt0.o (__libc_init_array)
/usr/lib/gcc/arm-none-eabi/14.2.0/../../../../arm-none-eabi/lib/thumb/v7e-m+fp/hard/libc_nano.a(libc_a-fini.o)
                              /usr/lib/gcc/arm-none-eabi/14.2.0/../../../../arm-none-eabi/lib/thumb/v7e-m+fp/hard/crt0.o (__libc_fini_array)
[...]
Memory Configuration

Name             Origin             Length             Attributes
RAM              0x20000000         0x00020000         xrw
FLASH            0x08000000         0x00080000         xr
*default*        0x00000000         0xffffffff

Linker script and memory map

LOAD /usr/lib/gcc/arm-none-eabi/14.2.0/thumb/v7e-m+fp/hard/crti.o
LOAD /usr/lib/gcc/arm-none-eabi/14.2.0/thumb/v7e-m+fp/hard/crtbegin.o
LOAD /usr/lib/gcc/arm-none-eabi/14.2.0/../../../../arm-none-eabi/lib/thumb/v7e-m+fp/hard/crt0.o
LOAD build/debug/accelerometer.o
LOAD build/debug/communication.o
LOAD build/debug/gpio.o
LOAD build/debug/i2c.o
LOAD build/debug/main.o
LOAD build/debug/stm32f4xx_hal.o
LOAD build/debug/stm32f4xx_hal_cortex.o
LOAD build/debug/stm32f4xx_hal_dma.o
LOAD build/debug/stm32f4xx_hal_dma_ex.o
LOAD build/debug/stm32f4xx_hal_exti.o
LOAD build/debug/stm32f4xx_hal_flash.o
LOAD build/debug/stm32f4xx_hal_flash_ex.o
LOAD build/debug/stm32f4xx_hal_flash_ramfunc.o
LOAD build/debug/stm32f4xx_hal_gpio.o
LOAD build/debug/stm32f4xx_hal_i2c.o
LOAD build/debug/stm32f4xx_hal_i2c_ex.o
LOAD build/debug/stm32f4xx_hal_msp.o
LOAD build/debug/stm32f4xx_hal_pwr.o
LOAD build/debug/stm32f4xx_hal_pwr_ex.o
LOAD build/debug/stm32f4xx_hal_rcc.o
LOAD build/debug/stm32f4xx_hal_rcc_ex.o
LOAD build/debug/stm32f4xx_hal_tim.o
LOAD build/debug/stm32f4xx_hal_tim_ex.o
LOAD build/debug/stm32f4xx_hal_uart.o
LOAD build/debug/stm32f4xx_it.o
LOAD build/debug/syscalls.o
LOAD build/debug/sysmem.o
LOAD build/debug/system_stm32f4xx.o
LOAD build/debug/tim.o
LOAD build/debug/usart.o
LOAD build/debug/startup_stm32f411xe.o
LOAD /usr/lib/gcc/arm-none-eabi/14.2.0/../../../../arm-none-eabi/lib/thumb/v7e-m+fp/hard/libc_nano.a
LOAD /usr/lib/gcc/arm-none-eabi/14.2.0/../../../../arm-none-eabi/lib/thumb/v7e-m+fp/hard/libm.a
LOAD /usr/lib/gcc/arm-none-eabi/14.2.0/../../../../arm-none-eabi/lib/thumb/v7e-m+fp/hard/libnosys.a
START GROUP
LOAD /usr/lib/gcc/arm-none-eabi/14.2.0/thumb/v7e-m+fp/hard/libgcc.a
LOAD /usr/lib/gcc/arm-none-eabi/14.2.0/../../../../arm-none-eabi/lib/thumb/v7e-m+fp/hard/libc_nano.a
END GROUP
START GROUP
LOAD /usr/lib/gcc/arm-none-eabi/14.2.0/thumb/v7e-m+fp/hard/libgcc.a
LOAD /usr/lib/gcc/arm-none-eabi/14.2.0/../../../../arm-none-eabi/lib/thumb/v7e-m+fp/hard/libc_nano.a
END GROUP
LOAD /usr/lib/gcc/arm-none-eabi/14.2.0/thumb/v7e-m+fp/hard/crtend.o
LOAD /usr/lib/gcc/arm-none-eabi/14.2.0/thumb/v7e-m+fp/hard/crtn.o
                0x20020000                        _estack = (ORIGIN (RAM) + LENGTH (RAM))
                0x00000200                        _Min_Heap_Size = 0x200
                0x00000400                        _Min_Stack_Size = 0x400

.isr_vector     0x08000000      0x198
                0x08000000                        . = ALIGN (0x4)
 *(.isr_vector)
 .isr_vector    0x08000000      0x198 build/debug/startup_stm32f411xe.o
                0x08000000                g_pfnVectors
                0x08000198                        . = ALIGN (0x4)

.text           0x080001a0     0x6b28
                0x080001a0                        . = ALIGN (0x4)
 *(.text)
 .text          0x080001a0       0xa0 /usr/lib/gcc/arm-none-eabi/14.2.0/../../../../arm-none-eabi/lib/thumb/v7e-m+fp/hard/libc_nano.a(libc_a-memchr.o)
                0x080001a0                memchr
 .text          0x08000240       0x10 /usr/lib/gcc/arm-none-eabi/14.2.0/../../../../arm-none-eabi/lib/thumb/v7e-m+fp/hard/libc_nano.a(libc_a-strlen.o)
                0x08000240                strlen
 .text          0x08000250      0x378 /usr/lib/gcc/arm-none-eabi/14.2.0/thumb/v7e-m+fp/hard/libgcc.a(_arm_addsubdf3.o)
                0x08000250                __aeabi_drsub
                0x08000258                __aeabi_dsub
                0x08000258                __subdf3
                0x0800025c                __adddf3
                0x0800025c                __aeabi_dadd
                0x080004d4                __aeabi_ui2d
                0x080004d4                __floatunsidf
                0x080004f4                __floatsidf
                0x080004f4                __aeabi_i2d
                0x08000518                __extendsfdf2
                0x08000518                __aeabi_f2d
                0x0800055c                __aeabi_ul2d
                0x0800055c                __floatundidf
                0x0800056c                __floatdidf
                0x0800056c                __aeabi_l2d
 .text          0x080005c8      0x424 /usr/lib/gcc/arm-none-eabi/14.2.0/thumb/v7e-m+fp/hard/libgcc.a(_arm_muldivdf3.o)
                0x080005c8                __aeabi_dmul
                0x080005c8                __muldf3
                0x0800081c                __aeabi_ddiv
                0x0800081c                __divdf3
 .text          0x080009ec      0x110 /usr/lib/gcc/arm-none-eabi/14.2.0/thumb/v7e-m+fp/hard/libgcc.a(_arm_cmpdf2.o)
                0x080009ec                __gtdf2
                0x080009ec                __gedf2
                0x080009f4                __ltdf2
                0x080009f4                __ledf2
                0x080009fc                __cmpdf2
                0x080009fc                __eqdf2
                0x080009fc                __nedf2
                0x08000a78                __aeabi_cdrcmple
                0x08000a88                __aeabi_cdcmple
                0x08000a88                __aeabi_cdcmpeq
                0x08000a98                __aeabi_dcmpeq
                0x08000aac                __aeabi_dcmplt
                0x08000ac0                __aeabi_dcmple
                0x08000ad4                __aeabi_dcmpge
                0x08000ae8                __aeabi_dcmpgt
 .text          0x08000afc       0x2c /usr/lib/gcc/arm-none-eabi/14.2.0/thumb/v7e-m+fp/hard/libgcc.a(_arm_unorddf2.o)
                0x08000afc                __aeabi_dcmpun
                0x08000afc                __unorddf2
 .text          0x08000b28       0x50 /usr/lib/gcc/arm-none-eabi/14.2.0/thumb/v7e-m+fp/hard/libgcc.a(_arm_fixdfsi.o)
                0x08000b28                __fixdfsi
                0x08000b28                __aeabi_d2iz
 .text          0x08000b78       0xa0 /usr/lib/gcc/arm-none-eabi/14.2.0/thumb/v7e-m+fp/hard/libgcc.a(_aeabi_ldivmod.o)
                0x08000b78                __aeabi_ldivmod
 .text          0x08000c18       0x30 /usr/lib/gcc/arm-none-eabi/14.2.0/thumb/v7e-m+fp/hard/libgcc.a(_aeabi_uldivmod.o)
                0x08000c18                __aeabi_uldivmod
 .text          0x08000c48        0x4 /usr/lib/gcc/arm-none-eabi/14.2.0/thumb/v7e-m+fp/hard/libgcc.a(_dvmd_tls.o)
                0x08000c48                __aeabi_ldiv0
                0x08000c48                __aeabi_idiv0
 *(.text*)
 .text.__do_global_dtors_aux
                0x08000c4c       0x24 /usr/lib/gcc/arm-none-eabi/14.2.0/thumb/v7e-m+fp/hard/crtbegin.o
 .text.frame_dummy
                0x08000c70       0x1c /usr/lib/gcc/arm-none-eabi/14.2.0/thumb/v7e-m+fp/hard/crtbegin.o
 .text.send_message
                0x08000c8c       0x1c build/debug/communication.o
                0x08000c8c                send_message
 .text.send_reg_log
                0x08000ca8       0x7c build/debug/communication.o
                0x08000ca8                send_reg_log
 .text.MX_GPIO_Init
                0x08000d24       0x38 build/debug/gpio.o
                0x08000d24                MX_GPIO_Init
 .text.MX_I2C1_Init
                0x08000d5c       0x3c build/debug/i2c.o
                0x08000d5c                MX_I2C1_Init
 .text.HAL_I2C_MspInit
                0x08000d98       0x70 build/debug/i2c.o
                0x08000d98                HAL_I2C_MspInit
 .text.bmp280_compensate_T_int32
                0x08000e08       0x4c build/debug/main.o
                0x08000e08                bmp280_compensate_T_int32
 .text.bmp280_compensate_P_int64
                0x08000e54      0x1c4 build/debug/main.o
                0x08000e54                bmp280_compensate_P_int64
 .text.InitBmp  0x08001018       0x70 build/debug/main.o
                0x08001018                InitBmp
 .text.Read_Dig_Variables
                0x08001088      0x1ac build/debug/main.o
                0x08001088                Read_Dig_Variables
 .text.Acc_LSM_Init
                0x08001234      0x128 build/debug/main.o
                0x08001234                Acc_LSM_Init
 *fill*         0x0800135c        0x4 
 .text.Read_Acc
                0x08001360      0x1a0 build/debug/main.o
                0x08001360                Read_Acc
 .text.Error_Handler
                0x08001500        0x4 build/debug/main.o
                0x08001500                Error_Handler
 .text.SystemClock_Config
                0x08001504       0xa0 build/debug/main.o
                0x08001504                SystemClock_Config
 .text.main     0x080015a4      0x2e0 build/debug/main.o
                0x080015a4                main
 .text.HAL_InitTick
                0x08001884       0x4c build/debug/stm32f4xx_hal.o
                0x08001884                HAL_InitTick
 .text.HAL_Init
                0x080018d0       0x34 build/debug/stm32f4xx_hal.o
                0x080018d0                HAL_Init
 .text.HAL_IncTick
                0x08001904       0x18 build/debug/stm32f4xx_hal.o
                0x08001904                HAL_IncTick
 .text.HAL_GetTick
                0x0800191c        0xc build/debug/stm32f4xx_hal.o
                0x0800191c                HAL_GetTick
 .text.HAL_Delay
                0x08001928       0x28 build/debug/stm32f4xx_hal.o
                0x08001928                HAL_Delay
 .text.__NVIC_EnableIRQ
                0x08001950       0x1c build/debug/stm32f4xx_hal_cortex.o
 .text.__NVIC_SetPriority
                0x0800196c       0x28 build/debug/stm32f4xx_hal_cortex.o
 .text.NVIC_EncodePriority
                0x08001994       0x3e build/debug/stm32f4xx_hal_cortex.o
 *fill*         0x080019d2        0x2 
 .text.HAL_NVIC_SetPriorityGrouping
                0x080019d4       0x24 build/debug/stm32f4xx_hal_cortex.o
                0x080019d4                HAL_NVIC_SetPriorityGrouping
 .text.HAL_NVIC_SetPriority
                0x080019f8       0x20 build/debug/stm32f4xx_hal_cortex.o
                0x080019f8                HAL_NVIC_SetPriority
 .text.HAL_NVIC_EnableIRQ
                0x08001a18        0x8 build/debug/stm32f4xx_hal_cortex.o
                0x08001a18                HAL_NVIC_EnableIRQ
 .text.HAL_SYSTICK_Config
                0x08001a20       0x28 build/debug/stm32f4xx_hal_cortex.o
                0x08001a20                HAL_SYSTICK_Config
 .text.HAL_GPIO_Init
                0x08001a48      0x1c8 build/debug/stm32f4xx_hal_gpio.o
                0x08001a48                HAL_GPIO_Init
 .text.I2C_IsAcknowledgeFailed
                0x08001c10       0x32 build/debug/stm32f4xx_hal_i2c.o
 .text.I2C_WaitOnFlagUntilTimeout
                0x08001c42       0xaa build/debug/stm32f4xx_hal_i2c.o
 .text.I2C_WaitOnMasterAddressFlagUntilTimeout
                0x08001cec       0xd6 build/debug/stm32f4xx_hal_i2c.o
 .text.I2C_WaitOnTXEFlagUntilTimeout
                0x08001dc2       0x5e build/debug/stm32f4xx_hal_i2c.o
 .text.I2C_RequestMemoryWrite
                0x08001e20       0xd8 build/debug/stm32f4xx_hal_i2c.o
 .text.I2C_RequestMemoryRead
                0x08001ef8      0x154 build/debug/stm32f4xx_hal_i2c.o
 .text.I2C_WaitOnBTFFlagUntilTimeout
                0x0800204c       0x5e build/debug/stm32f4xx_hal_i2c.o
 .text.I2C_WaitOnRXNEFlagUntilTimeout
                0x080020aa       0x78 build/debug/stm32f4xx_hal_i2c.o
 *fill*         0x08002122        0x2 
 .text.HAL_I2C_Init
                0x08002124      0x1bc build/debug/stm32f4xx_hal_i2c.o
                0x08002124                HAL_I2C_Init
 .text.HAL_I2C_Mem_Write
                0x080022e0      0x160 build/debug/stm32f4xx_hal_i2c.o
                0x080022e0                HAL_I2C_Mem_Write
 .text.HAL_I2C_Mem_Read
                0x08002440      0x2f8 build/debug/stm32f4xx_hal_i2c.o
                0x08002440                HAL_I2C_Mem_Read
 .text.HAL_MspInit
                0x08002738       0x38 build/debug/stm32f4xx_hal_msp.o
                0x08002738                HAL_MspInit
 .text.HAL_RCC_OscConfig
                0x08002770      0x3f8 build/debug/stm32f4xx_hal_rcc.o
                0x08002770                HAL_RCC_OscConfig
 .text.HAL_RCC_GetSysClockFreq
                0x08002b68       0xa8 build/debug/stm32f4xx_hal_rcc.o
                0x08002b68                HAL_RCC_GetSysClockFreq
 .text.HAL_RCC_ClockConfig
                0x08002c10      0x160 build/debug/stm32f4xx_hal_rcc.o
                0x08002c10                HAL_RCC_ClockConfig
 .text.HAL_RCC_GetHCLKFreq
                0x08002d70        0xc build/debug/stm32f4xx_hal_rcc.o
                0x08002d70                HAL_RCC_GetHCLKFreq
 .text.HAL_RCC_GetPCLK1Freq
                0x08002d7c       0x20 build/debug/stm32f4xx_hal_rcc.o
                0x08002d7c                HAL_RCC_GetPCLK1Freq
 .text.HAL_RCC_GetPCLK2Freq
                0x08002d9c       0x20 build/debug/stm32f4xx_hal_rcc.o
                0x08002d9c                HAL_RCC_GetPCLK2Freq
 .text.TIM_OC1_SetConfig
                0x08002dbc       0x54 build/debug/stm32f4xx_hal_tim.o
 .text.TIM_OC3_SetConfig
                0x08002e10       0x5c build/debug/stm32f4xx_hal_tim.o
 .text.TIM_OC4_SetConfig
                0x08002e6c       0x48 build/debug/stm32f4xx_hal_tim.o
 .text.TIM_TI1_ConfigInputStage
                0x08002eb4       0x26 build/debug/stm32f4xx_hal_tim.o
 .text.TIM_TI2_ConfigInputStage
                0x08002eda       0x28 build/debug/stm32f4xx_hal_tim.o
 .text.TIM_ITRx_SetConfig
                0x08002f02       0x10 build/debug/stm32f4xx_hal_tim.o
 .text.HAL_TIM_PWM_MspInit
                0x08002f12        0x2 build/debug/stm32f4xx_hal_tim.o
                0x08002f12                HAL_TIM_PWM_MspInit
 .text.HAL_TIM_PeriodElapsedCallback
                0x08002f14        0x2 build/debug/stm32f4xx_hal_tim.o
                0x08002f14                HAL_TIM_PeriodElapsedCallback
 .text.HAL_TIM_OC_DelayElapsedCallback
                0x08002f16        0x2 build/debug/stm32f4xx_hal_tim.o
                0x08002f16                HAL_TIM_OC_DelayElapsedCallback
 .text.HAL_TIM_IC_CaptureCallback
                0x08002f18        0x2 build/debug/stm32f4xx_hal_tim.o
                0x08002f18                HAL_TIM_IC_CaptureCallback
 .text.HAL_TIM_PWM_PulseFinishedCallback
                0x08002f1a        0x2 build/debug/stm32f4xx_hal_tim.o
                0x08002f1a                HAL_TIM_PWM_PulseFinishedCallback
 .text.HAL_TIM_TriggerCallback
                0x08002f1c        0x2 build/debug/stm32f4xx_hal_tim.o
                0x08002f1c                HAL_TIM_TriggerCallback
 .text.HAL_TIM_IRQHandler
                0x08002f1e      0x15e build/debug/stm32f4xx_hal_tim.o
                0x08002f1e                HAL_TIM_IRQHandler
 .text.TIM_Base_SetConfig
                0x0800307c       0xac build/debug/stm32f4xx_hal_tim.o
                0x0800307c                TIM_Base_SetConfig
 .text.HAL_TIM_Base_Init
                0x08003128       0x58 build/debug/stm32f4xx_hal_tim.o
                0x08003128                HAL_TIM_Base_Init
 .text.HAL_TIM_PWM_Init
                0x08003180       0x58 build/debug/stm32f4xx_hal_tim.o
                0x08003180                HAL_TIM_PWM_Init
 .text.TIM_OC2_SetConfig
                0x080031d8       0x5c build/debug/stm32f4xx_hal_tim.o
                0x080031d8                TIM_OC2_SetConfig
 .text.HAL_TIM_PWM_ConfigChannel
                0x08003234       0xdc build/debug/stm32f4xx_hal_tim.o
                0x08003234                HAL_TIM_PWM_ConfigChannel
 .text.TIM_ETR_SetConfig
                0x08003310       0x1a build/debug/stm32f4xx_hal_tim.o
                0x08003310                TIM_ETR_SetConfig
 .text.HAL_TIM_ConfigClockSource
                0x0800332a       0xfe build/debug/stm32f4xx_hal_tim.o
                0x0800332a                HAL_TIM_ConfigClockSource
 .text.TIM_CCxChannelCmd
                0x08003428       0x1e build/debug/stm32f4xx_hal_tim.o
                0x08003428                TIM_CCxChannelCmd
 *fill*         0x08003446        0x2 
 .text.HAL_TIM_PWM_Start
                0x08003448       0xe4 build/debug/stm32f4xx_hal_tim.o
                0x08003448                HAL_TIM_PWM_Start
 .text.HAL_TIMEx_MasterConfigSynchronization
                0x0800352c       0x7c build/debug/stm32f4xx_hal_tim_ex.o
                0x0800352c                HAL_TIMEx_MasterConfigSynchronization
 .text.HAL_TIMEx_ConfigBreakDeadTime
                0x080035a8       0x52 build/debug/stm32f4xx_hal_tim_ex.o
                0x080035a8                HAL_TIMEx_ConfigBreakDeadTime
 .text.HAL_TIMEx_CommutCallback
                0x080035fa        0x2 build/debug/stm32f4xx_hal_tim_ex.o
                0x080035fa                HAL_TIMEx_CommutCallback
 .text.HAL_TIMEx_BreakCallback
                0x080035fc        0x2 build/debug/stm32f4xx_hal_tim_ex.o
                0x080035fc                HAL_TIMEx_BreakCallback
 .text.UART_EndRxTransfer
                0x080035fe       0x5c build/debug/stm32f4xx_hal_uart.o
 *fill*         0x0800365a        0x2 
 .text.UART_SetConfig
                0x0800365c      0x110 build/debug/stm32f4xx_hal_uart.o
 .text.UART_WaitOnFlagUntilTimeout
                0x0800376c       0x86 build/debug/stm32f4xx_hal_uart.o
 .text.HAL_UART_Init
                0x080037f2       0x60 build/debug/stm32f4xx_hal_uart.o
                0x080037f2                HAL_UART_Init
 .text.HAL_UART_Transmit
                0x08003852       0xca build/debug/stm32f4xx_hal_uart.o
                0x08003852                HAL_UART_Transmit
 .text.NMI_Handler
                0x0800391c        0x2 build/debug/stm32f4xx_it.o
                0x0800391c                NMI_Handler
 .text.HardFault_Handler
                0x0800391e        0x2 build/debug/stm32f4xx_it.o
                0x0800391e                HardFault_Handler
 .text.MemManage_Handler
                0x08003920        0x2 build/debug/stm32f4xx_it.o
                0x08003920                MemManage_Handler
 .text.BusFault_Handler
                0x08003922        0x2 build/debug/stm32f4xx_it.o
                0x08003922                BusFault_Handler
 .text.UsageFault_Handler
                0x08003924        0x2 build/debug/stm32f4xx_it.o
                0x08003924                UsageFault_Handler
 .text.SVC_Handler
                0x08003926        0x2 build/debug/stm32f4xx_it.o
                0x08003926                SVC_Handler
 .text.DebugMon_Handler
                0x08003928        0x2 build/debug/stm32f4xx_it.o
                0x08003928                DebugMon_Handler
 .text.PendSV_Handler
                0x0800392a        0x2 build/debug/stm32f4xx_it.o
                0x0800392a                PendSV_Handler
 .text.SysTick_Handler
                0x0800392c        0x8 build/debug/stm32f4xx_it.o
                0x0800392c                SysTick_Handler
 .text.TIM1_BRK_TIM9_IRQHandler
                0x08003934       0x10 build/debug/stm32f4xx_it.o
                0x08003934                TIM1_BRK_TIM9_IRQHandler
 .text.TIM1_UP_TIM10_IRQHandler
                0x08003944       0x10 build/debug/stm32f4xx_it.o
                0x08003944                TIM1_UP_TIM10_IRQHandler
 .text.TIM1_TRG_COM_TIM11_IRQHandler
                0x08003954       0x10 build/debug/stm32f4xx_it.o
                0x08003954                TIM1_TRG_COM_TIM11_IRQHandler
 .text.TIM1_CC_IRQHandler
                0x08003964       0x10 build/debug/stm32f4xx_it.o
                0x08003964                TIM1_CC_IRQHandler
 .text._getpid  0x08003974        0x4 build/debug/syscalls.o
                0x08003974                _getpid
 .text._kill    0x08003978       0x10 build/debug/syscalls.o
                0x08003978                _kill
 .text._exit    0x08003988        0xc build/debug/syscalls.o
                0x08003988                _exit
 .text._read    0x08003994       0x20 build/debug/syscalls.o
                0x08003994                _read
 .text._write   0x080039b4       0x1c build/debug/syscalls.o
                0x080039b4                _write
 .text._close   0x080039d0        0x6 build/debug/syscalls.o
                0x080039d0                _close
 .text._fstat   0x080039d6        0xa build/debug/syscalls.o
                0x080039d6                _fstat
 .text._isatty  0x080039e0        0x4 build/debug/syscalls.o
                0x080039e0                _isatty
 .text._lseek   0x080039e4        0x4 build/debug/syscalls.o
                0x080039e4                _lseek
 .text._sbrk    0x080039e8       0x48 build/debug/sysmem.o
                0x080039e8                _sbrk
 .text.SystemInit
                0x08003a30       0x14 build/debug/system_stm32f4xx.o
                0x08003a30                SystemInit
 .text.HAL_TIM_Base_MspInit
                0x08003a44       0x70 build/debug/tim.o
                0x08003a44                HAL_TIM_Base_MspInit
 .text.HAL_TIM_MspPostInit
                0x08003ab4       0x5c build/debug/tim.o
                0x08003ab4                HAL_TIM_MspPostInit
 .text.MX_TIM1_Init
                0x08003b10       0xec build/debug/tim.o
                0x08003b10                MX_TIM1_Init
 .text.MX_USART1_UART_Init
                0x08003bfc       0x34 build/debug/usart.o
                0x08003bfc                MX_USART1_UART_Init
 .text.HAL_UART_MspInit
                0x08003c30       0x74 build/debug/usart.o
                0x08003c30                HAL_UART_MspInit
 .text.Reset_Handler
                0x08003ca4       0x50 build/debug/startup_stm32f411xe.o
                0x08003ca4                Reset_Handler
 .text.Default_Handler
                0x08003cf4        0x2 build/debug/startup_stm32f411xe.o
                0x08003cf4                RTC_Alarm_IRQHandler
                0x08003cf4                EXTI2_IRQHandler
                0x08003cf4                SPI4_IRQHandler
                0x08003cf4                DMA2_Stream5_IRQHandler
                0x08003cf4                DMA1_Stream5_IRQHandler
                0x08003cf4                PVD_IRQHandler
                0x08003cf4                SDIO_IRQHandler
                0x08003cf4                TAMP_STAMP_IRQHandler
                0x08003cf4                EXTI3_IRQHandler
                0x08003cf4                I2C3_ER_IRQHandler
                0x08003cf4                EXTI0_IRQHandler
                0x08003cf4                I2C2_EV_IRQHandler
                0x08003cf4                DMA1_Stream2_IRQHandler
                0x08003cf4                FPU_IRQHandler
                0x08003cf4                DMA2_Stream2_IRQHandler
                0x08003cf4                SPI1_IRQHandler
                0x08003cf4                DMA2_Stream3_IRQHandler
                0x08003cf4                USART6_IRQHandler
                0x08003cf4                DMA2_Stream0_IRQHandler
                0x08003cf4                TIM4_IRQHandler
                0x08003cf4                I2C1_EV_IRQHandler
                0x08003cf4                DMA1_Stream6_IRQHandler
                0x08003cf4                DMA1_Stream1_IRQHandler
                0x08003cf4                TIM3_IRQHandler
                0x08003cf4                RCC_IRQHandler
                0x08003cf4                Default_Handler
                0x08003cf4                EXTI15_10_IRQHandler
                0x08003cf4                ADC_IRQHandler
                0x08003cf4                DMA1_Stream7_IRQHandler
                0x08003cf4                SPI5_IRQHandler
                0x08003cf4                TIM5_IRQHandler
                0x08003cf4                DMA2_Stream7_IRQHandler
                0x08003cf4                I2C3_EV_IRQHandler
                0x08003cf4                EXTI9_5_IRQHandler
                0x08003cf4                RTC_WKUP_IRQHandler
                0x08003cf4                SPI2_IRQHandler
                0x08003cf4                DMA1_Stream0_IRQHandler
                0x08003cf4                EXTI4_IRQHandler
                0x08003cf4                WWDG_IRQHandler
                0x08003cf4                TIM2_IRQHandler
                0x08003cf4                OTG_FS_WKUP_IRQHandler
                0x08003cf4                EXTI1_IRQHandler
                0x08003cf4                USART2_IRQHandler
                0x08003cf4                I2C2_ER_IRQHandler
                0x08003cf4                DMA2_Stream1_IRQHandler
                0x08003cf4                FLASH_IRQHandler
                0x08003cf4                DMA2_Stream4_IRQHandler
                0x08003cf4                USART1_IRQHandler
                0x08003cf4                OTG_FS_IRQHandler
                0x08003cf4                SPI3_IRQHandler
                0x08003cf4                DMA1_Stream4_IRQHandler
                0x08003cf4                I2C1_ER_IRQHandler
                0x08003cf4                DMA2_Stream6_IRQHandler
                0x08003cf4                DMA1_Stream3_IRQHandler
 .text.__cvt    0x08003cf6       0xca /usr/lib/gcc/arm-none-eabi/14.2.0/../../../../arm-none-eabi/lib/thumb/v7e-m+fp/hard/libc_nano.a(libc_a-nano-vfprintf_float.o)
                0x08003cf6                __cvt
 .text.__exponent
                0x08003dc0       0x74 /usr/lib/gcc/arm-none-eabi/14.2.0/../../../../arm-none-eabi/lib/thumb/v7e-m+fp/hard/libc_nano.a(libc_a-nano-vfprintf_float.o)
                0x08003dc0                __exponent
 .text._printf_float
                0x08003e34      0x450 /usr/lib/gcc/arm-none-eabi/14.2.0/../../../../arm-none-eabi/lib/thumb/v7e-m+fp/hard/libc_nano.a(libc_a-nano-vfprintf_float.o)
                0x08003e34                _printf_float
 .text._printf_common
                0x08004284       0xda /usr/lib/gcc/arm-none-eabi/14.2.0/../../../../arm-none-eabi/lib/thumb/v7e-m+fp/hard/libc_nano.a(libc_a-nano-vfprintf_i.o)
                0x08004284                _printf_common
 *fill*         0x0800435e        0x2 
 .text._printf_i
                0x08004360      0x240 /usr/lib/gcc/arm-none-eabi/14.2.0/../../../../arm-none-eabi/lib/thumb/v7e-m+fp/hard/libc_nano.a(libc_a-nano-vfprintf_i.o)
                0x08004360                _printf_i
 .text.std      0x080045a0       0x6c /usr/lib/gcc/arm-none-eabi/14.2.0/../../../../arm-none-eabi/lib/thumb/v7e-m+fp/hard/libc_nano.a(libc_a-findfp.o)
 .text.stdio_exit_handler
                0x0800460c       0x18 /usr/lib/gcc/arm-none-eabi/14.2.0/../../../../arm-none-eabi/lib/thumb/v7e-m+fp/hard/libc_nano.a(libc_a-findfp.o)
 .text.cleanup_stdio
                0x08004624       0x40 /usr/lib/gcc/arm-none-eabi/14.2.0/../../../../arm-none-eabi/lib/thumb/v7e-m+fp/hard/libc_nano.a(libc_a-findfp.o)
 .text.global_stdio_init.part.0
                0x08004664       0x40 /usr/lib/gcc/arm-none-eabi/14.2.0/../../../../arm-none-eabi/lib/thumb/v7e-m+fp/hard/libc_nano.a(libc_a-findfp.o)
 .text.__sfp_lock_acquire
                0x080046a4        0xc /usr/lib/gcc/arm-none-eabi/14.2.0/../../../../arm-none-eabi/lib/thumb/v7e-m+fp/hard/libc_nano.a(libc_a-findfp.o)
                0x080046a4                __sfp_lock_acquire
 .text.__sfp_lock_release
                0x080046b0        0xc /usr/lib/gcc/arm-none-eabi/14.2.0/../../../../arm-none-eabi/lib/thumb/v7e-m+fp/hard/libc_nano.a(libc_a-findfp.o)
                0x080046b0                __sfp_lock_release
 .text.__sinit  0x080046bc       0x30 /usr/lib/gcc/arm-none-eabi/14.2.0/../../../../arm-none-eabi/lib/thumb/v7e-m+fp/hard/libc_nano.a(libc_a-findfp.o)
                0x080046bc                __sinit
 .text._fwalk_sglue
                0x080046ec       0x3c /usr/lib/gcc/arm-none-eabi/14.2.0/../../../../arm-none-eabi/lib/thumb/v7e-m+fp/hard/libc_nano.a(libc_a-fwalk.o)
                0x080046ec                _fwalk_sglue
 .text.sprintf  0x08004728       0x44 /usr/lib/gcc/arm-none-eabi/14.2.0/../../../../arm-none-eabi/lib/thumb/v7e-m+fp/hard/libc_nano.a(libc_a-sprintf.o)
                0x08004728                sprintf
                0x08004728                siprintf
 .text.__sread  0x0800476c       0x22 /usr/lib/gcc/arm-none-eabi/14.2.0/../../../../arm-none-eabi/lib/thumb/v7e-m+fp/hard/libc_nano.a(libc_a-stdio.o)
                0x0800476c                __sread
 .text.__swrite
                0x0800478e       0x38 /usr/lib/gcc/arm-none-eabi/14.2.0/../../../../arm-none-eabi/lib/thumb/v7e-m+fp/hard/libc_nano.a(libc_a-stdio.o)
                0x0800478e                __swrite
 .text.__sseek  0x080047c6       0x26 /usr/lib/gcc/arm-none-eabi/14.2.0/../../../../arm-none-eabi/lib/thumb/v7e-m+fp/hard/libc_nano.a(libc_a-stdio.o)
                0x080047c6                __sseek
 .text.__sclose
                0x080047ec        0x8 /usr/lib/gcc/arm-none-eabi/14.2.0/../../../../arm-none-eabi/lib/thumb/v7e-m+fp/hard/libc_nano.a(libc_a-stdio.o)
                0x080047ec                __sclose
 .text.memset   0x080047f4       0x10 /usr/lib/gcc/arm-none-eabi/14.2.0/../../../../arm-none-eabi/lib/thumb/v7e-m+fp/hard/libc_nano.a(libc_a-memset.o)
                0x080047f4                memset
 .text.strcat   0x08004804       0x1e /usr/lib/gcc/arm-none-eabi/14.2.0/../../../../arm-none-eabi/lib/thumb/v7e-m+fp/hard/libc_nano.a(libc_a-strcat.o)
                0x08004804                strcat
 *fill*         0x08004822        0x2 
 .text._localeconv_r
                0x08004824        0x8 /usr/lib/gcc/arm-none-eabi/14.2.0/../../../../arm-none-eabi/lib/thumb/v7e-m+fp/hard/libc_nano.a(libc_a-localeconv.o)
                0x08004824                _localeconv_r
 .text._close_r
                0x0800482c       0x20 /usr/lib/gcc/arm-none-eabi/14.2.0/../../../../arm-none-eabi/lib/thumb/v7e-m+fp/hard/libc_nano.a(libc_a-closer.o)
                0x0800482c                _close_r
 .text._lseek_r
                0x0800484c       0x24 /usr/lib/gcc/arm-none-eabi/14.2.0/../../../../arm-none-eabi/lib/thumb/v7e-m+fp/hard/libc_nano.a(libc_a-lseekr.o)
                0x0800484c                _lseek_r
 .text._read_r  0x08004870       0x24 /usr/lib/gcc/arm-none-eabi/14.2.0/../../../../arm-none-eabi/lib/thumb/v7e-m+fp/hard/libc_nano.a(libc_a-readr.o)
                0x08004870                _read_r
 .text._write_r
                0x08004894       0x24 /usr/lib/gcc/arm-none-eabi/14.2.0/../../../../arm-none-eabi/lib/thumb/v7e-m+fp/hard/libc_nano.a(libc_a-writer.o)
                0x08004894                _write_r
 .text.__errno  0x080048b8        0xc /usr/lib/gcc/arm-none-eabi/14.2.0/../../../../arm-none-eabi/lib/thumb/v7e-m+fp/hard/libc_nano.a(libc_a-errno.o)
                0x080048b8                __errno
 .text.__libc_init_array
                0x080048c4       0x48 /usr/lib/gcc/arm-none-eabi/14.2.0/../../../../arm-none-eabi/lib/thumb/v7e-m+fp/hard/libc_nano.a(libc_a-init.o)
                0x080048c4                __libc_init_array
 .text.__retarget_lock_init_recursive
                0x0800490c        0x2 /usr/lib/gcc/arm-none-eabi/14.2.0/../../../../arm-none-eabi/lib/thumb/v7e-m+fp/hard/libc_nano.a(libc_a-lock.o)
                0x0800490c                __retarget_lock_init_recursive
 .text.__retarget_lock_acquire_recursive
                0x0800490e        0x2 /usr/lib/gcc/arm-none-eabi/14.2.0/../../../../arm-none-eabi/lib/thumb/v7e-m+fp/hard/libc_nano.a(libc_a-lock.o)
                0x0800490e                __retarget_lock_acquire_recursive
 .text.__retarget_lock_release_recursive
                0x08004910        0x2 /usr/lib/gcc/arm-none-eabi/14.2.0/../../../../arm-none-eabi/lib/thumb/v7e-m+fp/hard/libc_nano.a(libc_a-lock.o)
                0x08004910                __retarget_lock_release_recursive
 .text.quorem   0x08004912      0x110 /usr/lib/gcc/arm-none-eabi/14.2.0/../../../../arm-none-eabi/lib/thumb/v7e-m+fp/hard/libc_nano.a(libc_a-dtoa.o)
 *fill*         0x08004a22        0x6 
 .text._dtoa_r  0x08004a28      0xbd0 /usr/lib/gcc/arm-none-eabi/14.2.0/../../../../arm-none-eabi/lib/thumb/v7e-m+fp/hard/libc_nano.a(libc_a-dtoa.o)
                0x08004a28                _dtoa_r
 .text._free_r  0x080055f8       0x94 /usr/lib/gcc/arm-none-eabi/14.2.0/../../../../arm-none-eabi/lib/thumb/v7e-m+fp/hard/libc_nano.a(libc_a-freer.o)
                0x080055f8                _free_r
 .text.malloc   0x0800568c       0x10 /usr/lib/gcc/arm-none-eabi/14.2.0/../../../../arm-none-eabi/lib/thumb/v7e-m+fp/hard/libc_nano.a(libc_a-malloc.o)
                0x0800568c                malloc
 .text.sbrk_aligned
                0x0800569c       0x44 /usr/lib/gcc/arm-none-eabi/14.2.0/../../../../arm-none-eabi/lib/thumb/v7e-m+fp/hard/libc_nano.a(libc_a-mallocr.o)
 .text._malloc_r
                0x080056e0      0x100 /usr/lib/gcc/arm-none-eabi/14.2.0/../../../../arm-none-eabi/lib/thumb/v7e-m+fp/hard/libc_nano.a(libc_a-mallocr.o)
                0x080056e0                _malloc_r
 .text.__malloc_lock
                0x080057e0        0xc /usr/lib/gcc/arm-none-eabi/14.2.0/../../../../arm-none-eabi/lib/thumb/v7e-m+fp/hard/libc_nano.a(libc_a-mlock.o)
                0x080057e0                __malloc_lock
 .text.__malloc_unlock
                0x080057ec        0xc /usr/lib/gcc/arm-none-eabi/14.2.0/../../../../arm-none-eabi/lib/thumb/v7e-m+fp/hard/libc_nano.a(libc_a-mlock.o)
                0x080057ec                __malloc_unlock
 .text._Balloc  0x080057f8       0x7c /usr/lib/gcc/arm-none-eabi/14.2.0/../../../../arm-none-eabi/lib/thumb/v7e-m+fp/hard/libc_nano.a(libc_a-mprec.o)
                0x080057f8                _Balloc
 .text._Bfree   0x08005874       0x44 /usr/lib/gcc/arm-none-eabi/14.2.0/../../../../arm-none-eabi/lib/thumb/v7e-m+fp/hard/libc_nano.a(libc_a-mprec.o)
                0x08005874                _Bfree
 .text.__multadd
                0x080058b8       0x8c /usr/lib/gcc/arm-none-eabi/14.2.0/../../../../arm-none-eabi/lib/thumb/v7e-m+fp/hard/libc_nano.a(libc_a-mprec.o)
                0x080058b8                __multadd
 .text.__hi0bits
                0x08005944       0x3e /usr/lib/gcc/arm-none-eabi/14.2.0/../../../../arm-none-eabi/lib/thumb/v7e-m+fp/hard/libc_nano.a(libc_a-mprec.o)
                0x08005944                __hi0bits
 .text.__lo0bits
                0x08005982       0x5a /usr/lib/gcc/arm-none-eabi/14.2.0/../../../../arm-none-eabi/lib/thumb/v7e-m+fp/hard/libc_nano.a(libc_a-mprec.o)
                0x08005982                __lo0bits
 .text.__i2b    0x080059dc       0x2c /usr/lib/gcc/arm-none-eabi/14.2.0/../../../../arm-none-eabi/lib/thumb/v7e-m+fp/hard/libc_nano.a(libc_a-mprec.o)
                0x080059dc                __i2b
 .text.__multiply
                0x08005a08      0x154 /usr/lib/gcc/arm-none-eabi/14.2.0/../../../../arm-none-eabi/lib/thumb/v7e-m+fp/hard/libc_nano.a(libc_a-mprec.o)
                0x08005a08                __multiply
 .text.__pow5mult
                0x08005b5c       0xb8 /usr/lib/gcc/arm-none-eabi/14.2.0/../../../../arm-none-eabi/lib/thumb/v7e-m+fp/hard/libc_nano.a(libc_a-mprec.o)
                0x08005b5c                __pow5mult
 .text.__lshift
                0x08005c14       0xdc /usr/lib/gcc/arm-none-eabi/14.2.0/../../../../arm-none-eabi/lib/thumb/v7e-m+fp/hard/libc_nano.a(libc_a-mprec.o)
                0x08005c14                __lshift
 .text.__mcmp   0x08005cf0       0x36 /usr/lib/gcc/arm-none-eabi/14.2.0/../../../../arm-none-eabi/lib/thumb/v7e-m+fp/hard/libc_nano.a(libc_a-mprec.o)
                0x08005cf0                __mcmp
 *fill*         0x08005d26        0x2 
 .text.__mdiff  0x08005d28      0x130 /usr/lib/gcc/arm-none-eabi/14.2.0/../../../../arm-none-eabi/lib/thumb/v7e-m+fp/hard/libc_nano.a(libc_a-mprec.o)
                0x08005d28                __mdiff
 .text.__d2b    0x08005e58       0xb0 /usr/lib/gcc/arm-none-eabi/14.2.0/../../../../arm-none-eabi/lib/thumb/v7e-m+fp/hard/libc_nano.a(libc_a-mprec.o)
                0x08005e58                __d2b
 .text.__ssputs_r
                0x08005f08       0xc0 /usr/lib/gcc/arm-none-eabi/14.2.0/../../../../arm-none-eabi/lib/thumb/v7e-m+fp/hard/libc_nano.a(libc_a-nano-svfprintf.o)
                0x08005f08                __ssputs_r
 .text._svfprintf_r
                0x08005fc8      0x1f8 /usr/lib/gcc/arm-none-eabi/14.2.0/../../../../arm-none-eabi/lib/thumb/v7e-m+fp/hard/libc_nano.a(libc_a-nano-svfprintf.o)
                0x08005fc8                _svfprintf_r
                0x08005fc8                _svfiprintf_r
 .text.__sflush_r
                0x080061c0      0x104 /usr/lib/gcc/arm-none-eabi/14.2.0/../../../../arm-none-eabi/lib/thumb/v7e-m+fp/hard/libc_nano.a(libc_a-fflush.o)
                0x080061c0                __sflush_r
 .text._fflush_r
                0x080062c4       0x50 /usr/lib/gcc/arm-none-eabi/14.2.0/../../../../arm-none-eabi/lib/thumb/v7e-m+fp/hard/libc_nano.a(libc_a-fflush.o)
                0x080062c4                _fflush_r
 .text.memmove  0x08006314       0x32 /usr/lib/gcc/arm-none-eabi/14.2.0/../../../../arm-none-eabi/lib/thumb/v7e-m+fp/hard/libc_nano.a(libc_a-memmove.o)
                0x08006314                memmove
 *fill*         0x08006346        0x2 
 .text._sbrk_r  0x08006348       0x20 /usr/lib/gcc/arm-none-eabi/14.2.0/../../../../arm-none-eabi/lib/thumb/v7e-m+fp/hard/libc_nano.a(libc_a-sbrkr.o)
                0x08006348                _sbrk_r
 .text.memcpy   0x08006368       0x1c /usr/lib/gcc/arm-none-eabi/14.2.0/../../../../arm-none-eabi/lib/thumb/v7e-m+fp/hard/libc_nano.a(libc_a-memcpy-stub.o)
                0x08006368                memcpy
 .text.__assert_func
                0x08006384       0x3c /usr/lib/gcc/arm-none-eabi/14.2.0/../../../../arm-none-eabi/lib/thumb/v7e-m+fp/hard/libc_nano.a(libc_a-assert.o)
                0x08006384                __assert_func
 .text._calloc_r
                0x080063c0       0x28 /usr/lib/gcc/arm-none-eabi/14.2.0/../../../../arm-none-eabi/lib/thumb/v7e-m+fp/hard/libc_nano.a(libc_a-callocr.o)
                0x080063c0                _calloc_r
 .text.__ascii_mbtowc
                0x080063e8       0x24 /usr/lib/gcc/arm-none-eabi/14.2.0/../../../../arm-none-eabi/lib/thumb/v7e-m+fp/hard/libc_nano.a(libc_a-mbtowc_r.o)
                0x080063e8                __ascii_mbtowc
 .text._realloc_r
                0x0800640c       0x5c /usr/lib/gcc/arm-none-eabi/14.2.0/../../../../arm-none-eabi/lib/thumb/v7e-m+fp/hard/libc_nano.a(libc_a-reallocr.o)
                0x0800640c                _realloc_r
 .text.__ascii_wctomb
                0x08006468       0x1a /usr/lib/gcc/arm-none-eabi/14.2.0/../../../../arm-none-eabi/lib/thumb/v7e-m+fp/hard/libc_nano.a(libc_a-wctomb_r.o)
                0x08006468                __ascii_wctomb
 *fill*         0x08006482        0x2 
 .text.fprintf  0x08006484       0x24 /usr/lib/gcc/arm-none-eabi/14.2.0/../../../../arm-none-eabi/lib/thumb/v7e-m+fp/hard/libc_nano.a(libc_a-fprintf.o)
                0x08006484                fprintf
                0x08006484                fiprintf
 .text.abort    0x080064a8        0xe /usr/lib/gcc/arm-none-eabi/14.2.0/../../../../arm-none-eabi/lib/thumb/v7e-m+fp/hard/libc_nano.a(libc_a-abort.o)
                0x080064a8                abort
 .text._malloc_usable_size_r
                0x080064b6       0x10 /usr/lib/gcc/arm-none-eabi/14.2.0/../../../../arm-none-eabi/lib/thumb/v7e-m+fp/hard/libc_nano.a(libc_a-msizer.o)
                0x080064b6                _malloc_usable_size_r
 .text.__sfputc_r
                0x080064c6       0x2e /usr/lib/gcc/arm-none-eabi/14.2.0/../../../../arm-none-eabi/lib/thumb/v7e-m+fp/hard/libc_nano.a(libc_a-nano-vfprintf.o)
 .text.__sfputs_r
                0x080064f4       0x24 /usr/lib/gcc/arm-none-eabi/14.2.0/../../../../arm-none-eabi/lib/thumb/v7e-m+fp/hard/libc_nano.a(libc_a-nano-vfprintf.o)
                0x080064f4                __sfputs_r
 .text._vfprintf_r
                0x08006518      0x230 /usr/lib/gcc/arm-none-eabi/14.2.0/../../../../arm-none-eabi/lib/thumb/v7e-m+fp/hard/libc_nano.a(libc_a-nano-vfprintf.o)
                0x08006518                _vfiprintf_r
                0x08006518                _vfprintf_r
 .text.__swbuf_r
                0x08006748       0x7c /usr/lib/gcc/arm-none-eabi/14.2.0/../../../../arm-none-eabi/lib/thumb/v7e-m+fp/hard/libc_nano.a(libc_a-wbuf.o)
                0x08006748                __swbuf_r
 .text.__swsetup_r
                0x080067c4       0xa8 /usr/lib/gcc/arm-none-eabi/14.2.0/../../../../arm-none-eabi/lib/thumb/v7e-m+fp/hard/libc_nano.a(libc_a-wsetup.o)
                0x080067c4                __swsetup_r
 .text._raise_r
                0x0800686c       0x50 /usr/lib/gcc/arm-none-eabi/14.2.0/../../../../arm-none-eabi/lib/thumb/v7e-m+fp/hard/libc_nano.a(libc_a-signal.o)
                0x0800686c                _raise_r
 .text.raise    0x080068bc       0x10 /usr/lib/gcc/arm-none-eabi/14.2.0/../../../../arm-none-eabi/lib/thumb/v7e-m+fp/hard/libc_nano.a(libc_a-signal.o)
                0x080068bc                raise
 .text._kill_r  0x080068cc       0x24 /usr/lib/gcc/arm-none-eabi/14.2.0/../../../../arm-none-eabi/lib/thumb/v7e-m+fp/hard/libc_nano.a(libc_a-signalr.o)
                0x080068cc                _kill_r
 .text._getpid_r
                0x080068f0        0x4 /usr/lib/gcc/arm-none-eabi/14.2.0/../../../../arm-none-eabi/lib/thumb/v7e-m+fp/hard/libc_nano.a(libc_a-signalr.o)
                0x080068f0                _getpid_r
 .text.__swhatbuf_r
                0x080068f4       0x48 /usr/lib/gcc/arm-none-eabi/14.2.0/../../../../arm-none-eabi/lib/thumb/v7e-m+fp/hard/libc_nano.a(libc_a-makebuf.o)
                0x080068f4                __swhatbuf_r
 .text.__smakebuf_r
                0x0800693c       0x72 /usr/lib/gcc/arm-none-eabi/14.2.0/../../../../arm-none-eabi/lib/thumb/v7e-m+fp/hard/libc_nano.a(libc_a-makebuf.o)
                0x0800693c                __smakebuf_r
 *fill*         0x080069ae        0x2 
 .text._fstat_r
                0x080069b0       0x24 /usr/lib/gcc/arm-none-eabi/14.2.0/../../../../arm-none-eabi/lib/thumb/v7e-m+fp/hard/libc_nano.a(libc_a-fstatr.o)
                0x080069b0                _fstat_r
 .text._isatty_r
                0x080069d4       0x20 /usr/lib/gcc/arm-none-eabi/14.2.0/../../../../arm-none-eabi/lib/thumb/v7e-m+fp/hard/libc_nano.a(libc_a-isattyr.o)
                0x080069d4                _isatty_r
 .text.__udivmoddi4
                0x080069f4      0x2bc /usr/lib/gcc/arm-none-eabi/14.2.0/thumb/v7e-m+fp/hard/libgcc.a(_udivmoddi4.o)
                0x080069f4                __udivmoddi4
 *(.glue_7)
 .glue_7        0x08006cb0        0x0 linker stubs
 *(.glue_7t)
 .glue_7t       0x08006cb0        0x0 linker stubs
 *(.eh_frame)
 .eh_frame      0x08006cb0        0x0 /usr/lib/gcc/arm-none-eabi/14.2.0/thumb/v7e-m+fp/hard/crtbegin.o
 *(.init)
 .init          0x08006cb0        0x4 /usr/lib/gcc/arm-none-eabi/14.2.0/thumb/v7e-m+fp/hard/crti.o
                0x08006cb0                _init
 .init          0x08006cb4        0x8 /usr/lib/gcc/arm-none-eabi/14.2.0/thumb/v7e-m+fp/hard/crtn.o
 *(.fini)
 .fini          0x08006cbc        0x4 /usr/lib/gcc/arm-none-eabi/14.2.0/thumb/v7e-m+fp/hard/crti.o
                0x08006cbc                _fini
 .fini          0x08006cc0        0x8 /usr/lib/gcc/arm-none-eabi/14.2.0/thumb/v7e-m+fp/hard/crtn.o
                0x08006cc8                        . = ALIGN (0x4)
                0x08006cc8                        _etext = .

.vfp11_veneer   0x08006cc8        0x0
 .vfp11_veneer  0x08006cc8        0x0 linker stubs

.v4_bx          0x08006cc8        0x0
 .v4_bx         0x08006cc8        0x0 linker stubs

.iplt           0x08006cc8        0x0
 .iplt          0x08006cc8        0x0 /usr/lib/gcc/arm-none-eabi/14.2.0/thumb/v7e-m+fp/hard/crtbegin.o

.rodata         0x08006cc8      0x64c
                0x08006cc8                        . = ALIGN (0x4)
 *(.rodata)
 .rodata        0x08006cc8        0x4 build/debug/communication.o
 .rodata        0x08006ccc       0xcd build/debug/main.o
 *(.rodata*)
 *fill*         0x08006d99        0x3 
 .rodata.send_reg_log.str1.4
                0x08006d9c      0x218 build/debug/communication.o
                                 0x1f (size before relaxing)
 .rodata.InitBmp.str1.4
                0x08006fb4       0x1d build/debug/main.o
 .rodata.Read_Dig_Variables.str1.4
                0x08006fb4       0x5f build/debug/main.o
 .rodata.Acc_LSM_Init.str1.4
                0x08006fb4       0x81 build/debug/main.o
 .rodata.Read_Acc.str1.4
                0x08006fb4       0x46 build/debug/main.o
 .rodata.main.str1.4
                0x08006fb4       0xa8 build/debug/main.o
 .rodata.APBPrescTable
                0x08006fb4        0x8 build/debug/system_stm32f4xx.o
                0x08006fb4                APBPrescTable
 .rodata.AHBPrescTable
                0x08006fbc       0x10 build/debug/system_stm32f4xx.o
                0x08006fbc                AHBPrescTable
 .rodata._printf_float.str1.1
                0x08006fcc      0x145 /usr/lib/gcc/arm-none-eabi/14.2.0/../../../../arm-none-eabi/lib/thumb/v7e-m+fp/hard/libc_nano.a(libc_a-nano-vfprintf_float.o)
                                 0x12 (size before relaxing)
 .rodata._printf_i.str1.1
                0x08007111       0x22 /usr/lib/gcc/arm-none-eabi/14.2.0/../../../../arm-none-eabi/lib/thumb/v7e-m+fp/hard/libc_nano.a(libc_a-nano-vfprintf_i.o)
 .rodata._dtoa_r.str1.1
                0x08007111       0x79 /usr/lib/gcc/arm-none-eabi/14.2.0/../../../../arm-none-eabi/lib/thumb/v7e-m+fp/hard/libc_nano.a(libc_a-dtoa.o)
 .rodata._Balloc.str1.1
                0x08007111       0x5a /usr/lib/gcc/arm-none-eabi/14.2.0/../../../../arm-none-eabi/lib/thumb/v7e-m+fp/hard/libc_nano.a(libc_a-mprec.o)
 .rodata.__multadd.str1.1
                0x08007111       0x11 /usr/lib/gcc/arm-none-eabi/14.2.0/../../../../arm-none-eabi/lib/thumb/v7e-m+fp/hard/libc_nano.a(libc_a-mprec.o)
 *fill*         0x08007111        0x3 
 .rodata.p05.0  0x08007114        0xc /usr/lib/gcc/arm-none-eabi/14.2.0/../../../../arm-none-eabi/lib/thumb/v7e-m+fp/hard/libc_nano.a(libc_a-mprec.o)
 .rodata.__mprec_bigtens
                0x08007120       0x28 /usr/lib/gcc/arm-none-eabi/14.2.0/../../../../arm-none-eabi/lib/thumb/v7e-m+fp/hard/libc_nano.a(libc_a-mprec.o)
                0x08007120                __mprec_bigtens
 .rodata.__mprec_tens
                0x08007148       0xc8 /usr/lib/gcc/arm-none-eabi/14.2.0/../../../../arm-none-eabi/lib/thumb/v7e-m+fp/hard/libc_nano.a(libc_a-mprec.o)
                0x08007148                __mprec_tens
 .rodata._svfprintf_r.str1.1
                0x08007210       0x11 /usr/lib/gcc/arm-none-eabi/14.2.0/../../../../arm-none-eabi/lib/thumb/v7e-m+fp/hard/libc_nano.a(libc_a-nano-svfprintf.o)
 .rodata._setlocale_r.str1.1
                0x08007210        0x9 /usr/lib/gcc/arm-none-eabi/14.2.0/../../../../arm-none-eabi/lib/thumb/v7e-m+fp/hard/libc_nano.a(libc_a-locale.o)
 .rodata.str1.1
                0x08007210        0x2 /usr/lib/gcc/arm-none-eabi/14.2.0/../../../../arm-none-eabi/lib/thumb/v7e-m+fp/hard/libc_nano.a(libc_a-locale.o)
 .rodata.__assert_func.str1.1
                0x08007210       0x3d /usr/lib/gcc/arm-none-eabi/14.2.0/../../../../arm-none-eabi/lib/thumb/v7e-m+fp/hard/libc_nano.a(libc_a-assert.o)
 .rodata._ctype_
                0x08007210      0x101 /usr/lib/gcc/arm-none-eabi/14.2.0/../../../../arm-none-eabi/lib/thumb/v7e-m+fp/hard/libc_nano.a(libc_a-ctype_.o)
                0x08007210                _ctype_
 .rodata._vfprintf_r.str1.1
                0x08007311       0x11 /usr/lib/gcc/arm-none-eabi/14.2.0/../../../../arm-none-eabi/lib/thumb/v7e-m+fp/hard/libc_nano.a(libc_a-nano-vfprintf.o)
                0x08007324                        . = ALIGN (0x4)
 *fill*         0x08007311        0x3 

.ARM.extab
 *(.ARM.extab* .gnu.linkonce.armextab.*)

.ARM            0x08007314        0x8
                0x08007314                        __exidx_start = .
 *(.ARM.exidx*)
 .ARM.exidx     0x08007314        0x8 /usr/lib/gcc/arm-none-eabi/14.2.0/../../../../arm-none-eabi/lib/thumb/v7e-m+fp/hard/libc_nano.a(libc_a-memchr.o)
 .ARM.exidx     0x0800731c        0x0 /usr/lib/gcc/arm-none-eabi/14.2.0/../../../../arm-none-eabi/lib/thumb/v7e-m+fp/hard/libc_nano.a(libc_a-strlen.o)
                                  0x8 (size before relaxing)
 .ARM.exidx.text.__udivmoddi4
                0x0800731c        0x0 /usr/lib/gcc/arm-none-eabi/14.2.0/thumb/v7e-m+fp/hard/libgcc.a(_udivmoddi4.o)
                                  0x8 (size before relaxing)
                0x0800731c                        __exidx_end = .

.rel.dyn        0x0800731c        0x0
 .rel.iplt      0x0800731c        0x0 /usr/lib/gcc/arm-none-eabi/14.2.0/thumb/v7e-m+fp/hard/crtbegin.o

.preinit_array  0x0800731c        0x0
                0x0800731c                        PROVIDE (__preinit_array_start = .)
 *(.preinit_array*)
                0x0800731c                        PROVIDE (__preinit_array_end = .)

.init_array     0x0800731c        0x4
                0x0800731c                        PROVIDE (__init_array_start = .)
 *(SORT_BY_NAME(.init_array.*))
 *(.init_array*)
 .init_array    0x0800731c        0x4 /usr/lib/gcc/arm-none-eabi/14.2.0/thumb/v7e-m+fp/hard/crtbegin.o
                0x08007320                        PROVIDE (__init_array_end = .)

.fini_array     0x08007320        0x4
                0x08007320                        PROVIDE (__fini_array_start = .)
 *(SORT_BY_NAME(.fini_array.*))
 *(.fini_array*)
 .fini_array    0x08007320        0x4 /usr/lib/gcc/arm-none-eabi/14.2.0/thumb/v7e-m+fp/hard/crtbegin.o
                0x08007324                        PROVIDE (__fini_array_end = .)
                0x08007324                        _sidata = LOADADDR (.data)

.data           0x20000000      0x1d4 load address 0x08007324
                0x20000000                        . = ALIGN (0x4)
                0x20000000                        _sdata = .
 *(.data)
 *(.data*)
 .data.uwTickFreq
                0x20000000        0x1 build/debug/stm32f4xx_hal.o
                0x20000000                uwTickFreq
 *fill*         0x20000001        0x3 
 .data.uwTickPrio
                0x20000004        0x4 build/debug/stm32f4xx_hal.o
                0x20000004                uwTickPrio
 .data.SystemCoreClock
                0x20000008        0x4 build/debug/system_stm32f4xx.o
                0x20000008                SystemCoreClock
 .data.__sglue  0x2000000c        0xc /usr/lib/gcc/arm-none-eabi/14.2.0/../../../../arm-none-eabi/lib/thumb/v7e-m+fp/hard/libc_nano.a(libc_a-findfp.o)
                0x2000000c                __sglue
 .data._impure_ptr
                0x20000018        0x4 /usr/lib/gcc/arm-none-eabi/14.2.0/../../../../arm-none-eabi/lib/thumb/v7e-m+fp/hard/libc_nano.a(libc_a-impure.o)
                0x20000018                _impure_ptr
 .data._impure_data
                0x2000001c       0x4c /usr/lib/gcc/arm-none-eabi/14.2.0/../../../../arm-none-eabi/lib/thumb/v7e-m+fp/hard/libc_nano.a(libc_a-impure.o)
                0x2000001c                _impure_data
 .data.__global_locale
                0x20000068      0x16c /usr/lib/gcc/arm-none-eabi/14.2.0/../../../../arm-none-eabi/lib/thumb/v7e-m+fp/hard/libc_nano.a(libc_a-locale.o)
                0x20000068                __global_locale
                0x200001d4                        . = ALIGN (0x4)
                0x200001d4                        _edata = .

.igot.plt       0x200001d4        0x0 load address 0x080074f8
 .igot.plt      0x200001d4        0x0 /usr/lib/gcc/arm-none-eabi/14.2.0/thumb/v7e-m+fp/hard/crtbegin.o
                0x200001d4                        . = ALIGN (0x4)

.bss            0x200001d4      0x278 load address 0x080074f8
                0x200001d4                        _sbss = .
                0x200001d4                        __bss_start__ = _sbss
 *(.bss)
 *(.bss*)
 .bss.completed.1
                0x200001d4        0x1 /usr/lib/gcc/arm-none-eabi/14.2.0/thumb/v7e-m+fp/hard/crtbegin.o
 *fill*         0x200001d5        0x3 
 .bss.object.0  0x200001d8       0x18 /usr/lib/gcc/arm-none-eabi/14.2.0/thumb/v7e-m+fp/hard/crtbegin.o
 .bss.hi2c1     0x200001f0       0x54 build/debug/i2c.o
                0x200001f0                hi2c1
 .bss.t_fine    0x20000244        0x4 build/debug/main.o
                0x20000244                t_fine
 .bss.actual_pressure
                0x20000248        0x4 build/debug/main.o
                0x20000248                actual_pressure
 .bss.actual_temp
                0x2000024c        0x4 build/debug/main.o
                0x2000024c                actual_temp
 .bss.dig_P9    0x20000250        0x2 build/debug/main.o
                0x20000250                dig_P9
 .bss.dig_P8    0x20000252        0x2 build/debug/main.o
                0x20000252                dig_P8
 .bss.dig_P7    0x20000254        0x2 build/debug/main.o
                0x20000254                dig_P7
 .bss.dig_P6    0x20000256        0x2 build/debug/main.o
                0x20000256                dig_P6
 .bss.dig_P5    0x20000258        0x2 build/debug/main.o
                0x20000258                dig_P5
 .bss.dig_P4    0x2000025a        0x2 build/debug/main.o
                0x2000025a                dig_P4
 .bss.dig_P3    0x2000025c        0x2 build/debug/main.o
                0x2000025c                dig_P3
 .bss.dig_P2    0x2000025e        0x2 build/debug/main.o
                0x2000025e                dig_P2
 .bss.dig_P1    0x20000260        0x2 build/debug/main.o
                0x20000260                dig_P1
 .bss.dig_T3    0x20000262        0x2 build/debug/main.o
                0x20000262                dig_T3
 .bss.dig_T2    0x20000264        0x2 build/debug/main.o
                0x20000264                dig_T2
 .bss.dig_T1    0x20000266        0x2 build/debug/main.o
                0x20000266                dig_T1
 .bss.uwTick    0x20000268        0x4 build/debug/stm32f4xx_hal.o
                0x20000268                uwTick
 .bss.__sbrk_heap_end
                0x2000026c        0x4 build/debug/sysmem.o
 .bss.htim1     0x20000270       0x48 build/debug/tim.o
                0x20000270                htim1
 .bss.huart1    0x200002b8       0x48 build/debug/usart.o
                0x200002b8                huart1
 .bss.__sf      0x20000300      0x138 /usr/lib/gcc/arm-none-eabi/14.2.0/../../../../arm-none-eabi/lib/thumb/v7e-m+fp/hard/libc_nano.a(libc_a-findfp.o)
                0x20000300                __sf
 .bss.__stdio_exit_handler
                0x20000438        0x4 /usr/lib/gcc/arm-none-eabi/14.2.0/../../../../arm-none-eabi/lib/thumb/v7e-m+fp/hard/libc_nano.a(libc_a-findfp.o)
                0x20000438                __stdio_exit_handler
 .bss.errno     0x2000043c        0x4 /usr/lib/gcc/arm-none-eabi/14.2.0/../../../../arm-none-eabi/lib/thumb/v7e-m+fp/hard/libc_nano.a(libc_a-reent.o)
                0x2000043c                errno
 .bss.__lock___malloc_recursive_mutex
                0x20000440        0x1 /usr/lib/gcc/arm-none-eabi/14.2.0/../../../../arm-none-eabi/lib/thumb/v7e-m+fp/hard/libc_nano.a(libc_a-lock.o)
                0x20000440                __lock___malloc_recursive_mutex
 .bss.__lock___sfp_recursive_mutex
                0x20000441        0x1 /usr/lib/gcc/arm-none-eabi/14.2.0/../../../../arm-none-eabi/lib/thumb/v7e-m+fp/hard/libc_nano.a(libc_a-lock.o)
                0x20000441                __lock___sfp_recursive_mutex
 *fill*         0x20000442        0x2 
 .bss.__malloc_sbrk_start
                0x20000444        0x4 /usr/lib/gcc/arm-none-eabi/14.2.0/../../../../arm-none-eabi/lib/thumb/v7e-m+fp/hard/libc_nano.a(libc_a-mallocr.o)
                0x20000444                __malloc_sbrk_start
 .bss.__malloc_free_list
                0x20000448        0x4 /usr/lib/gcc/arm-none-eabi/14.2.0/../../../../arm-none-eabi/lib/thumb/v7e-m+fp/hard/libc_nano.a(libc_a-mallocr.o)
                0x20000448                __malloc_free_list
 *(COMMON)
                0x2000044c                        . = ALIGN (0x4)
                0x2000044c                        _ebss = .
                0x2000044c                        __bss_end__ = _ebss

._user_heap_stack
                0x2000044c      0x604 load address 0x080074f8
                0x20000450                        . = ALIGN (0x8)
 *fill*         0x2000044c        0x4 
                [!provide]                        PROVIDE (end = .)
                0x20000450                        PROVIDE (_end = .)
                0x20000650                        . = (. + _Min_Heap_Size)
 *fill*         0x20000450      0x200 
                0x20000a50                        . = (. + _Min_Stack_Size)
 *fill*         0x20000650      0x400 
                0x20000a50                        . = ALIGN (0x8)

/DISCARD/
 libc.a(*)
 libm.a(*)
 libgcc.a(*)

.ARM.attributes
                0x00000000       0x30
 *(.ARM.attributes)
 .ARM.attributes
                0x00000000       0x22 /usr/lib/gcc/arm-none-eabi/14.2.0/thumb/v7e-m+fp/hard/crti.o
 .ARM.attributes
                0x00000022       0x34 /usr/lib/gcc/arm-none-eabi/14.2.0/thumb/v7e-m+fp/hard/crtbegin.o
 .ARM.attributes
                0x00000056       0x34 build/debug/communication.o
 .ARM.attributes
                0x0000008a       0x34 build/debug/gpio.o
 .ARM.attributes
                0x000000be       0x34 build/debug/i2c.o
 .ARM.attributes
                0x000000f2       0x34 build/debug/main.o
 .ARM.attributes
                0x00000126       0x34 build/debug/stm32f4xx_hal.o
 .ARM.attributes
                0x0000015a       0x34 build/debug/stm32f4xx_hal_cortex.o
 .ARM.attributes
                0x0000018e       0x34 build/debug/stm32f4xx_hal_gpio.o
 .ARM.attributes
                0x000001c2       0x34 build/debug/stm32f4xx_hal_i2c.o
 .ARM.attributes
                0x000001f6       0x34 build/debug/stm32f4xx_hal_msp.o
 .ARM.attributes
                0x0000022a       0x34 build/debug/stm32f4xx_hal_rcc.o
 .ARM.attributes
                0x0000025e       0x34 build/debug/stm32f4xx_hal_tim.o
 .ARM.attributes
                0x00000292       0x34 build/debug/stm32f4xx_hal_tim_ex.o
 .ARM.attributes
                0x000002c6       0x34 build/debug/stm32f4xx_hal_uart.o
 .ARM.attributes
                0x000002fa       0x34 build/debug/stm32f4xx_it.o
 .ARM.attributes
                0x0000032e       0x34 build/debug/syscalls.o
 .ARM.attributes
                0x00000362       0x34 build/debug/sysmem.o
 .ARM.attributes
                0x00000396       0x34 build/debug/system_stm32f4xx.o
 .ARM.attributes
                0x000003ca       0x34 build/debug/tim.o
 .ARM.attributes
                0x000003fe       0x34 build/debug/usart.o
 .ARM.attributes
                0x00000432       0x21 build/debug/startup_stm32f411xe.o
 .ARM.attributes
                0x00000453       0x34 /usr/lib/gcc/arm-none-eabi/14.2.0/../../../../arm-none-eabi/lib/thumb/v7e-m+fp/hard/libc_nano.a(libc_a-nano-vfprintf_float.o)
 .ARM.attributes
                0x00000487       0x34 /usr/lib/gcc/arm-none-eabi/14.2.0/../../../../arm-none-eabi/lib/thumb/v7e-m+fp/hard/libc_nano.a(libc_a-nano-vfprintf_i.o)
 .ARM.attributes
                0x000004bb       0x34 /usr/lib/gcc/arm-none-eabi/14.2.0/../../../../arm-none-eabi/lib/thumb/v7e-m+fp/hard/libc_nano.a(libc_a-findfp.o)
 .ARM.attributes
                0x000004ef       0x34 /usr/lib/gcc/arm-none-eabi/14.2.0/../../../../arm-none-eabi/lib/thumb/v7e-m+fp/hard/libc_nano.a(libc_a-fwalk.o)
 .ARM.attributes
                0x00000523       0x34 /usr/lib/gcc/arm-none-eabi/14.2.0/../../../../arm-none-eabi/lib/thumb/v7e-m+fp/hard/libc_nano.a(libc_a-sprintf.o)
 .ARM.attributes
                0x00000557       0x34 /usr/lib/gcc/arm-none-eabi/14.2.0/../../../../arm-none-eabi/lib/thumb/v7e-m+fp/hard/libc_nano.a(libc_a-stdio.o)
 .ARM.attributes
                0x0000058b       0x34 /usr/lib/gcc/arm-none-eabi/14.2.0/../../../../arm-none-eabi/lib/thumb/v7e-m+fp/hard/libc_nano.a(libc_a-memset.o)
 .ARM.attributes
                0x000005bf       0x34 /usr/lib/gcc/arm-none-eabi/14.2.0/../../../../arm-none-eabi/lib/thumb/v7e-m+fp/hard/libc_nano.a(libc_a-strcat.o)
 .ARM.attributes
                0x000005f3       0x34 /usr/lib/gcc/arm-none-eabi/14.2.0/../../../../arm-none-eabi/lib/thumb/v7e-m+fp/hard/libc_nano.a(libc_a-localeconv.o)
 .ARM.attributes
                0x00000627       0x34 /usr/lib/gcc/arm-none-eabi/14.2.0/../../../../arm-none-eabi/lib/thumb/v7e-m+fp/hard/libc_nano.a(libc_a-closer.o)
 .ARM.attributes
                0x0000065b       0x34 /usr/lib/gcc/arm-none-eabi/14.2.0/../../../../arm-none-eabi/lib/thumb/v7e-m+fp/hard/libc_nano.a(libc_a-reent.o)
 .ARM.attributes
                0x0000068f       0x34 /usr/lib/gcc/arm-none-eabi/14.2.0/../../../../arm-none-eabi/lib/thumb/v7e-m+fp/hard/libc_nano.a(libc_a-impure.o)
 .ARM.attributes
                0x000006c3       0x34 /usr/lib/gcc/arm-none-eabi/14.2.0/../../../../arm-none-eabi/lib/thumb/v7e-m+fp/hard/libc_nano.a(libc_a-lseekr.o)
 .ARM.attributes
                0x000006f7       0x34 /usr/lib/gcc/arm-none-eabi/14.2.0/../../../../arm-none-eabi/lib/thumb/v7e-m+fp/hard/libc_nano.a(libc_a-readr.o)
 .ARM.attributes
                0x0000072b       0x34 /usr/lib/gcc/arm-none-eabi/14.2.0/../../../../arm-none-eabi/lib/thumb/v7e-m+fp/hard/libc_nano.a(libc_a-writer.o)
 .ARM.attributes
                0x0000075f       0x34 /usr/lib/gcc/arm-none-eabi/14.2.0/../../../../arm-none-eabi/lib/thumb/v7e-m+fp/hard/libc_nano.a(libc_a-errno.o)
 .ARM.attributes
                0x00000793       0x34 /usr/lib/gcc/arm-none-eabi/14.2.0/../../../../arm-none-eabi/lib/thumb/v7e-m+fp/hard/libc_nano.a(libc_a-init.o)
 .ARM.attributes
                0x000007c7       0x34 /usr/lib/gcc/arm-none-eabi/14.2.0/../../../../arm-none-eabi/lib/thumb/v7e-m+fp/hard/libc_nano.a(libc_a-lock.o)
 .ARM.attributes
                0x000007fb       0x1c /usr/lib/gcc/arm-none-eabi/14.2.0/../../../../arm-none-eabi/lib/thumb/v7e-m+fp/hard/libc_nano.a(libc_a-memchr.o)
 .ARM.attributes
                0x00000817       0x17 /usr/lib/gcc/arm-none-eabi/14.2.0/../../../../arm-none-eabi/lib/thumb/v7e-m+fp/hard/libc_nano.a(libc_a-strlen.o)
 .ARM.attributes
                0x0000082e       0x34 /usr/lib/gcc/arm-none-eabi/14.2.0/../../../../arm-none-eabi/lib/thumb/v7e-m+fp/hard/libc_nano.a(libc_a-dtoa.o)
 .ARM.attributes
                0x00000862       0x34 /usr/lib/gcc/arm-none-eabi/14.2.0/../../../../arm-none-eabi/lib/thumb/v7e-m+fp/hard/libc_nano.a(libc_a-freer.o)
 .ARM.attributes
                0x00000896       0x34 /usr/lib/gcc/arm-none-eabi/14.2.0/../../../../arm-none-eabi/lib/thumb/v7e-m+fp/hard/libc_nano.a(libc_a-malloc.o)
 .ARM.attributes
                0x000008ca       0x34 /usr/lib/gcc/arm-none-eabi/14.2.0/../../../../arm-none-eabi/lib/thumb/v7e-m+fp/hard/libc_nano.a(libc_a-mallocr.o)
 .ARM.attributes
                0x000008fe       0x34 /usr/lib/gcc/arm-none-eabi/14.2.0/../../../../arm-none-eabi/lib/thumb/v7e-m+fp/hard/libc_nano.a(libc_a-mlock.o)
 .ARM.attributes
                0x00000932       0x34 /usr/lib/gcc/arm-none-eabi/14.2.0/../../../../arm-none-eabi/lib/thumb/v7e-m+fp/hard/libc_nano.a(libc_a-mprec.o)
 .ARM.attributes
                0x00000966       0x34 /usr/lib/gcc/arm-none-eabi/14.2.0/../../../../arm-none-eabi/lib/thumb/v7e-m+fp/hard/libc_nano.a(libc_a-nano-svfprintf.o)
 .ARM.attributes
                0x0000099a       0x34 /usr/lib/gcc/arm-none-eabi/14.2.0/../../../../arm-none-eabi/lib/thumb/v7e-m+fp/hard/libc_nano.a(libc_a-fflush.o)
 .ARM.attributes
                0x000009ce       0x34 /usr/lib/gcc/arm-none-eabi/14.2.0/../../../../arm-none-eabi/lib/thumb/v7e-m+fp/hard/libc_nano.a(libc_a-memmove.o)
 .ARM.attributes
                0x00000a02       0x34 /usr/lib/gcc/arm-none-eabi/14.2.0/../../../../arm-none-eabi/lib/thumb/v7e-m+fp/hard/libc_nano.a(libc_a-locale.o)
 .ARM.attributes
                0x00000a36       0x34 /usr/lib/gcc/arm-none-eabi/14.2.0/../../../../arm-none-eabi/lib/thumb/v7e-m+fp/hard/libc_nano.a(libc_a-sbrkr.o)
 .ARM.attributes
                0x00000a6a       0x34 /usr/lib/gcc/arm-none-eabi/14.2.0/../../../../arm-none-eabi/lib/thumb/v7e-m+fp/hard/libc_nano.a(libc_a-memcpy-stub.o)
 .ARM.attributes
                0x00000a9e       0x34 /usr/lib/gcc/arm-none-eabi/14.2.0/../../../../arm-none-eabi/lib/thumb/v7e-m+fp/hard/libc_nano.a(libc_a-assert.o)
 .ARM.attributes
                0x00000ad2       0x34 /usr/lib/gcc/arm-none-eabi/14.2.0/../../../../arm-none-eabi/lib/thumb/v7e-m+fp/hard/libc_nano.a(libc_a-callocr.o)
 .ARM.attributes
                0x00000b06       0x34 /usr/lib/gcc/arm-none-eabi/14.2.0/../../../../arm-none-eabi/lib/thumb/v7e-m+fp/hard/libc_nano.a(libc_a-mbtowc_r.o)
 .ARM.attributes
                0x00000b3a       0x34 /usr/lib/gcc/arm-none-eabi/14.2.0/../../../../arm-none-eabi/lib/thumb/v7e-m+fp/hard/libc_nano.a(libc_a-reallocr.o)
 .ARM.attributes
                0x00000b6e       0x34 /usr/lib/gcc/arm-none-eabi/14.2.0/../../../../arm-none-eabi/lib/thumb/v7e-m+fp/hard/libc_nano.a(libc_a-wctomb_r.o)
 .ARM.attributes
                0x00000ba2       0x34 /usr/lib/gcc/arm-none-eabi/14.2.0/../../../../arm-none-eabi/lib/thumb/v7e-m+fp/hard/libc_nano.a(libc_a-ctype_.o)
 .ARM.attributes
                0x00000bd6       0x34 /usr/lib/gcc/arm-none-eabi/14.2.0/../../../../arm-none-eabi/lib/thumb/v7e-m+fp/hard/libc_nano.a(libc_a-fprintf.o)
 .ARM.attributes
                0x00000c0a       0x34 /usr/lib/gcc/arm-none-eabi/14.2.0/../../../../arm-none-eabi/lib/thumb/v7e-m+fp/hard/libc_nano.a(libc_a-abort.o)
 .ARM.attributes
                0x00000c3e       0x34 /usr/lib/gcc/arm-none-eabi/14.2.0/../../../../arm-none-eabi/lib/thumb/v7e-m+fp/hard/libc_nano.a(libc_a-msizer.o)
 .ARM.attributes
                0x00000c72       0x34 /usr/lib/gcc/arm-none-eabi/14.2.0/../../../../arm-none-eabi/lib/thumb/v7e-m+fp/hard/libc_nano.a(libc_a-nano-vfprintf.o)
 .ARM.attributes
                0x00000ca6       0x34 /usr/lib/gcc/arm-none-eabi/14.2.0/../../../../arm-none-eabi/lib/thumb/v7e-m+fp/hard/libc_nano.a(libc_a-wbuf.o)
 .ARM.attributes
                0x00000cda       0x34 /usr/lib/gcc/arm-none-eabi/14.2.0/../../../../arm-none-eabi/lib/thumb/v7e-m+fp/hard/libc_nano.a(libc_a-wsetup.o)
 .ARM.attributes
                0x00000d0e       0x34 /usr/lib/gcc/arm-none-eabi/14.2.0/../../../../arm-none-eabi/lib/thumb/v7e-m+fp/hard/libc_nano.a(libc_a-signal.o)
 .ARM.attributes
                0x00000d42       0x34 /usr/lib/gcc/arm-none-eabi/14.2.0/../../../../arm-none-eabi/lib/thumb/v7e-m+fp/hard/libc_nano.a(libc_a-signalr.o)
 .ARM.attributes
                0x00000d76       0x34 /usr/lib/gcc/arm-none-eabi/14.2.0/../../../../arm-none-eabi/lib/thumb/v7e-m+fp/hard/libc_nano.a(libc_a-makebuf.o)
 .ARM.attributes
                0x00000daa       0x34 /usr/lib/gcc/arm-none-eabi/14.2.0/../../../../arm-none-eabi/lib/thumb/v7e-m+fp/hard/libc_nano.a(libc_a-fstatr.o)
 .ARM.attributes
                0x00000dde       0x34 /usr/lib/gcc/arm-none-eabi/14.2.0/../../../../arm-none-eabi/lib/thumb/v7e-m+fp/hard/libc_nano.a(libc_a-isattyr.o)
 .ARM.attributes
                0x00000e12       0x22 /usr/lib/gcc/arm-none-eabi/14.2.0/thumb/v7e-m+fp/hard/libgcc.a(_arm_addsubdf3.o)
 .ARM.attributes
                0x00000e34       0x22 /usr/lib/gcc/arm-none-eabi/14.2.0/thumb/v7e-m+fp/hard/libgcc.a(_arm_muldivdf3.o)
 .ARM.attributes
                0x00000e56       0x22 /usr/lib/gcc/arm-none-eabi/14.2.0/thumb/v7e-m+fp/hard/libgcc.a(_arm_cmpdf2.o)
 .ARM.attributes
                0x00000e78       0x22 /usr/lib/gcc/arm-none-eabi/14.2.0/thumb/v7e-m+fp/hard/libgcc.a(_arm_unorddf2.o)
 .ARM.attributes
                0x00000e9a       0x22 /usr/lib/gcc/arm-none-eabi/14.2.0/thumb/v7e-m+fp/hard/libgcc.a(_arm_fixdfsi.o)
 .ARM.attributes
                0x00000ebc       0x22 /usr/lib/gcc/arm-none-eabi/14.2.0/thumb/v7e-m+fp/hard/libgcc.a(_aeabi_ldivmod.o)
 .ARM.attributes
                0x00000ede       0x22 /usr/lib/gcc/arm-none-eabi/14.2.0/thumb/v7e-m+fp/hard/libgcc.a(_aeabi_uldivmod.o)
 .ARM.attributes
                0x00000f00       0x34 /usr/lib/gcc/arm-none-eabi/14.2.0/thumb/v7e-m+fp/hard/libgcc.a(_udivmoddi4.o)
 .ARM.attributes
                0x00000f34       0x22 /usr/lib/gcc/arm-none-eabi/14.2.0/thumb/v7e-m+fp/hard/libgcc.a(_dvmd_tls.o)
 .ARM.attributes
                0x00000f56       0x22 /usr/lib/gcc/arm-none-eabi/14.2.0/thumb/v7e-m+fp/hard/crtn.o
OUTPUT(build/debug/Vela.elf elf32-littlearm)
LOAD linker stubs
LOAD /usr/lib/gcc/arm-none-eabi/14.2.0/../../../../arm-none-eabi/lib/thumb/v7e-m+fp/hard/libc.a
LOAD /usr/lib/gcc/arm-none-eabi/14.2.0/../../../../arm-none-eabi/lib/thumb/v7e-m+fp/hard/libm.a
LOAD /usr/lib/gcc/arm-none-eabi/14.2.0/thumb/v7e-m+fp/hard/libgcc.a

.debug_info     0x00000000    0x3102c
 .debug_info    0x00000000      0x7a1 build/debug/communication.o
 .debug_info    0x000007a1      0x28d build/debug/gpio.o
 .debug_info    0x00000a2e      0xa19 build/debug/i2c.o
 .debug_info    0x00001447     0x206c build/debug/main.o
 .debug_info    0x000034b3      0x962 build/debug/stm32f4xx_hal.o
 .debug_info    0x00003e15      0xf32 build/debug/stm32f4xx_hal_cortex.o
 .debug_info    0x00004d47      0x73a build/debug/stm32f4xx_hal_gpio.o
 .debug_info    0x00005481     0x3816 build/debug/stm32f4xx_hal_i2c.o
 .debug_info    0x00008c97      0x28d build/debug/stm32f4xx_hal_msp.o
 .debug_info    0x00008f24      0xab0 build/debug/stm32f4xx_hal_rcc.o
 .debug_info    0x000099d4     0x3c4c build/debug/stm32f4xx_hal_tim.o
 .debug_info    0x0000d620     0x1ad7 build/debug/stm32f4xx_hal_tim_ex.o
 .debug_info    0x0000f0f7     0x4007 build/debug/stm32f4xx_hal_uart.o
 .debug_info    0x000130fe      0x74c build/debug/stm32f4xx_it.o
 .debug_info    0x0001384a      0x789 build/debug/syscalls.o
 .debug_info    0x00013fd3      0x171 build/debug/sysmem.o
 .debug_info    0x00014144      0x553 build/debug/system_stm32f4xx.o
 .debug_info    0x00014697     0x1105 build/debug/tim.o
 .debug_info    0x0001579c      0x9ac build/debug/usart.o
 .debug_info    0x00016148       0x30 build/debug/startup_stm32f411xe.o
 .debug_info    0x00016178     0x12df /usr/lib/gcc/arm-none-eabi/14.2.0/../../../../arm-none-eabi/lib/thumb/v7e-m+fp/hard/libc_nano.a(libc_a-nano-vfprintf_float.o)
 .debug_info    0x00017457      0xde2 /usr/lib/gcc/arm-none-eabi/14.2.0/../../../../arm-none-eabi/lib/thumb/v7e-m+fp/hard/libc_nano.a(libc_a-nano-vfprintf_i.o)
 .debug_info    0x00018239      0xfb8 /usr/lib/gcc/arm-none-eabi/14.2.0/../../../../arm-none-eabi/lib/thumb/v7e-m+fp/hard/libc_nano.a(libc_a-findfp.o)
 .debug_info    0x000191f1      0x7d2 /usr/lib/gcc/arm-none-eabi/14.2.0/../../../../arm-none-eabi/lib/thumb/v7e-m+fp/hard/libc_nano.a(libc_a-fwalk.o)
 .debug_info    0x000199c3      0x885 /usr/lib/gcc/arm-none-eabi/14.2.0/../../../../arm-none-eabi/lib/thumb/v7e-m+fp/hard/libc_nano.a(libc_a-sprintf.o)
 .debug_info    0x0001a248      0xa90 /usr/lib/gcc/arm-none-eabi/14.2.0/../../../../arm-none-eabi/lib/thumb/v7e-m+fp/hard/libc_nano.a(libc_a-stdio.o)
 .debug_info    0x0001acd8       0xe0 /usr/lib/gcc/arm-none-eabi/14.2.0/../../../../arm-none-eabi/lib/thumb/v7e-m+fp/hard/libc_nano.a(libc_a-memset.o)
 .debug_info    0x0001adb8       0xe1 /usr/lib/gcc/arm-none-eabi/14.2.0/../../../../arm-none-eabi/lib/thumb/v7e-m+fp/hard/libc_nano.a(libc_a-strcat.o)
 .debug_info    0x0001ae99      0xa18 /usr/lib/gcc/arm-none-eabi/14.2.0/../../../../arm-none-eabi/lib/thumb/v7e-m+fp/hard/libc_nano.a(libc_a-localeconv.o)
 .debug_info    0x0001b8b1      0x75c /usr/lib/gcc/arm-none-eabi/14.2.0/../../../../arm-none-eabi/lib/thumb/v7e-m+fp/hard/libc_nano.a(libc_a-closer.o)
 .debug_info    0x0001c00d      0x8a1 /usr/lib/gcc/arm-none-eabi/14.2.0/../../../../arm-none-eabi/lib/thumb/v7e-m+fp/hard/libc_nano.a(libc_a-reent.o)
 .debug_info    0x0001c8ae      0x715 /usr/lib/gcc/arm-none-eabi/14.2.0/../../../../arm-none-eabi/lib/thumb/v7e-m+fp/hard/libc_nano.a(libc_a-impure.o)
 .debug_info    0x0001cfc3      0x7a8 /usr/lib/gcc/arm-none-eabi/14.2.0/../../../../arm-none-eabi/lib/thumb/v7e-m+fp/hard/libc_nano.a(libc_a-lseekr.o)
 .debug_info    0x0001d76b      0x7bf /usr/lib/gcc/arm-none-eabi/14.2.0/../../../../arm-none-eabi/lib/thumb/v7e-m+fp/hard/libc_nano.a(libc_a-readr.o)
 .debug_info    0x0001df2a      0x7c5 /usr/lib/gcc/arm-none-eabi/14.2.0/../../../../arm-none-eabi/lib/thumb/v7e-m+fp/hard/libc_nano.a(libc_a-writer.o)
 .debug_info    0x0001e6ef      0x6fb /usr/lib/gcc/arm-none-eabi/14.2.0/../../../../arm-none-eabi/lib/thumb/v7e-m+fp/hard/libc_nano.a(libc_a-errno.o)
 .debug_info    0x0001edea      0x10b /usr/lib/gcc/arm-none-eabi/14.2.0/../../../../arm-none-eabi/lib/thumb/v7e-m+fp/hard/libc_nano.a(libc_a-init.o)
 .debug_info    0x0001eef5      0x218 /usr/lib/gcc/arm-none-eabi/14.2.0/../../../../arm-none-eabi/lib/thumb/v7e-m+fp/hard/libc_nano.a(libc_a-lock.o)
 .debug_info    0x0001f10d       0x25 /usr/lib/gcc/arm-none-eabi/14.2.0/../../../../arm-none-eabi/lib/thumb/v7e-m+fp/hard/libc_nano.a(libc_a-memchr.o)
 .debug_info    0x0001f132       0x31 /usr/lib/gcc/arm-none-eabi/14.2.0/../../../../arm-none-eabi/lib/thumb/v7e-m+fp/hard/libc_nano.a(libc_a-strlen.o)
 .debug_info    0x0001f163     0x17fb /usr/lib/gcc/arm-none-eabi/14.2.0/../../../../arm-none-eabi/lib/thumb/v7e-m+fp/hard/libc_nano.a(libc_a-dtoa.o)
 .debug_info    0x0002095e      0x851 /usr/lib/gcc/arm-none-eabi/14.2.0/../../../../arm-none-eabi/lib/thumb/v7e-m+fp/hard/libc_nano.a(libc_a-freer.o)
 .debug_info    0x000211af      0x7a0 /usr/lib/gcc/arm-none-eabi/14.2.0/../../../../arm-none-eabi/lib/thumb/v7e-m+fp/hard/libc_nano.a(libc_a-malloc.o)
 .debug_info    0x0002194f      0x9bc /usr/lib/gcc/arm-none-eabi/14.2.0/../../../../arm-none-eabi/lib/thumb/v7e-m+fp/hard/libc_nano.a(libc_a-mallocr.o)
 .debug_info    0x0002230b      0x76b /usr/lib/gcc/arm-none-eabi/14.2.0/../../../../arm-none-eabi/lib/thumb/v7e-m+fp/hard/libc_nano.a(libc_a-mlock.o)
 .debug_info    0x00022a76     0x1dcc /usr/lib/gcc/arm-none-eabi/14.2.0/../../../../arm-none-eabi/lib/thumb/v7e-m+fp/hard/libc_nano.a(libc_a-mprec.o)
 .debug_info    0x00024842     0x10b3 /usr/lib/gcc/arm-none-eabi/14.2.0/../../../../arm-none-eabi/lib/thumb/v7e-m+fp/hard/libc_nano.a(libc_a-nano-svfprintf.o)
 .debug_info    0x000258f5      0x9f2 /usr/lib/gcc/arm-none-eabi/14.2.0/../../../../arm-none-eabi/lib/thumb/v7e-m+fp/hard/libc_nano.a(libc_a-fflush.o)
 .debug_info    0x000262e7      0x10f /usr/lib/gcc/arm-none-eabi/14.2.0/../../../../arm-none-eabi/lib/thumb/v7e-m+fp/hard/libc_nano.a(libc_a-memmove.o)
 .debug_info    0x000263f6      0xb44 /usr/lib/gcc/arm-none-eabi/14.2.0/../../../../arm-none-eabi/lib/thumb/v7e-m+fp/hard/libc_nano.a(libc_a-locale.o)
 .debug_info    0x00026f3a      0x782 /usr/lib/gcc/arm-none-eabi/14.2.0/../../../../arm-none-eabi/lib/thumb/v7e-m+fp/hard/libc_nano.a(libc_a-sbrkr.o)
 .debug_info    0x000276bc      0x121 /usr/lib/gcc/arm-none-eabi/14.2.0/../../../../arm-none-eabi/lib/thumb/v7e-m+fp/hard/libc_nano.a(libc_a-memcpy-stub.o)
 .debug_info    0x000277dd      0x836 /usr/lib/gcc/arm-none-eabi/14.2.0/../../../../arm-none-eabi/lib/thumb/v7e-m+fp/hard/libc_nano.a(libc_a-assert.o)
 .debug_info    0x00028013      0x7cd /usr/lib/gcc/arm-none-eabi/14.2.0/../../../../arm-none-eabi/lib/thumb/v7e-m+fp/hard/libc_nano.a(libc_a-callocr.o)
 .debug_info    0x000287e0      0xaba /usr/lib/gcc/arm-none-eabi/14.2.0/../../../../arm-none-eabi/lib/thumb/v7e-m+fp/hard/libc_nano.a(libc_a-mbtowc_r.o)
 .debug_info    0x0002929a      0x8cd /usr/lib/gcc/arm-none-eabi/14.2.0/../../../../arm-none-eabi/lib/thumb/v7e-m+fp/hard/libc_nano.a(libc_a-reallocr.o)
 .debug_info    0x00029b67      0xa7f /usr/lib/gcc/arm-none-eabi/14.2.0/../../../../arm-none-eabi/lib/thumb/v7e-m+fp/hard/libc_nano.a(libc_a-wctomb_r.o)
 .debug_info    0x0002a5e6       0xb9 /usr/lib/gcc/arm-none-eabi/14.2.0/../../../../arm-none-eabi/lib/thumb/v7e-m+fp/hard/libc_nano.a(libc_a-ctype_.o)
 .debug_info    0x0002a69f      0x867 /usr/lib/gcc/arm-none-eabi/14.2.0/../../../../arm-none-eabi/lib/thumb/v7e-m+fp/hard/libc_nano.a(libc_a-fprintf.o)
 .debug_info    0x0002af06       0xd8 /usr/lib/gcc/arm-none-eabi/14.2.0/../../../../arm-none-eabi/lib/thumb/v7e-m+fp/hard/libc_nano.a(libc_a-abort.o)
 .debug_info    0x0002afde      0x794 /usr/lib/gcc/arm-none-eabi/14.2.0/../../../../arm-none-eabi/lib/thumb/v7e-m+fp/hard/libc_nano.a(libc_a-msizer.o)
 .debug_info    0x0002b772     0x1094 /usr/lib/gcc/arm-none-eabi/14.2.0/../../../../arm-none-eabi/lib/thumb/v7e-m+fp/hard/libc_nano.a(libc_a-nano-vfprintf.o)
 .debug_info    0x0002c806      0x874 /usr/lib/gcc/arm-none-eabi/14.2.0/../../../../arm-none-eabi/lib/thumb/v7e-m+fp/hard/libc_nano.a(libc_a-wbuf.o)
 .debug_info    0x0002d07a      0x7bb /usr/lib/gcc/arm-none-eabi/14.2.0/../../../../arm-none-eabi/lib/thumb/v7e-m+fp/hard/libc_nano.a(libc_a-wsetup.o)
 .debug_info    0x0002d835      0xa13 /usr/lib/gcc/arm-none-eabi/14.2.0/../../../../arm-none-eabi/lib/thumb/v7e-m+fp/hard/libc_nano.a(libc_a-signal.o)
 .debug_info    0x0002e248      0x7e9 /usr/lib/gcc/arm-none-eabi/14.2.0/../../../../arm-none-eabi/lib/thumb/v7e-m+fp/hard/libc_nano.a(libc_a-signalr.o)
 .debug_info    0x0002ea31      0xb15 /usr/lib/gcc/arm-none-eabi/14.2.0/../../../../arm-none-eabi/lib/thumb/v7e-m+fp/hard/libc_nano.a(libc_a-makebuf.o)
 .debug_info    0x0002f546      0x981 /usr/lib/gcc/arm-none-eabi/14.2.0/../../../../arm-none-eabi/lib/thumb/v7e-m+fp/hard/libc_nano.a(libc_a-fstatr.o)
 .debug_info    0x0002fec7      0x75c /usr/lib/gcc/arm-none-eabi/14.2.0/../../../../arm-none-eabi/lib/thumb/v7e-m+fp/hard/libc_nano.a(libc_a-isattyr.o)
 .debug_info    0x00030623       0xd3 /usr/lib/gcc/arm-none-eabi/14.2.0/thumb/v7e-m+fp/hard/libgcc.a(_arm_addsubdf3.o)
 .debug_info    0x000306f6       0x57 /usr/lib/gcc/arm-none-eabi/14.2.0/thumb/v7e-m+fp/hard/libgcc.a(_arm_muldivdf3.o)
 .debug_info    0x0003074d       0xdf /usr/lib/gcc/arm-none-eabi/14.2.0/thumb/v7e-m+fp/hard/libgcc.a(_arm_cmpdf2.o)
 .debug_info    0x0003082c       0x3c /usr/lib/gcc/arm-none-eabi/14.2.0/thumb/v7e-m+fp/hard/libgcc.a(_arm_unorddf2.o)
 .debug_info    0x00030868       0x3c /usr/lib/gcc/arm-none-eabi/14.2.0/thumb/v7e-m+fp/hard/libgcc.a(_arm_fixdfsi.o)
 .debug_info    0x000308a4       0x25 /usr/lib/gcc/arm-none-eabi/14.2.0/thumb/v7e-m+fp/hard/libgcc.a(_aeabi_ldivmod.o)
 .debug_info    0x000308c9       0x24 /usr/lib/gcc/arm-none-eabi/14.2.0/thumb/v7e-m+fp/hard/libgcc.a(_aeabi_uldivmod.o)
 .debug_info    0x000308ed      0x703 /usr/lib/gcc/arm-none-eabi/14.2.0/thumb/v7e-m+fp/hard/libgcc.a(_udivmoddi4.o)
 .debug_info    0x00030ff0       0x3c /usr/lib/gcc/arm-none-eabi/14.2.0/thumb/v7e-m+fp/hard/libgcc.a(_dvmd_tls.o)

.debug_abbrev   0x00000000     0x86cb
 .debug_abbrev  0x00000000      0x1fc build/debug/communication.o
 .debug_abbrev  0x000001fc       0xd6 build/debug/gpio.o
 .debug_abbrev  0x000002d2      0x20e build/debug/i2c.o
 .debug_abbrev  0x000004e0      0x35a build/debug/main.o
 .debug_abbrev  0x0000083a      0x277 build/debug/stm32f4xx_hal.o
 .debug_abbrev  0x00000ab1      0x39c build/debug/stm32f4xx_hal_cortex.o
 .debug_abbrev  0x00000e4d      0x201 build/debug/stm32f4xx_hal_gpio.o
 .debug_abbrev  0x0000104e      0x2d2 build/debug/stm32f4xx_hal_i2c.o
 .debug_abbrev  0x00001320       0xd6 build/debug/stm32f4xx_hal_msp.o
 .debug_abbrev  0x000013f6      0x2c5 build/debug/stm32f4xx_hal_rcc.o
 .debug_abbrev  0x000016bb      0x284 build/debug/stm32f4xx_hal_tim.o
 .debug_abbrev  0x0000193f      0x282 build/debug/stm32f4xx_hal_tim_ex.o
 .debug_abbrev  0x00001bc1      0x33c build/debug/stm32f4xx_hal_uart.o
 .debug_abbrev  0x00001efd      0x1ae build/debug/stm32f4xx_it.o
 .debug_abbrev  0x000020ab      0x1c1 build/debug/syscalls.o
 .debug_abbrev  0x0000226c       0xea build/debug/sysmem.o
 .debug_abbrev  0x00002356      0x11e build/debug/system_stm32f4xx.o
 .debug_abbrev  0x00002474      0x23e build/debug/tim.o
 .debug_abbrev  0x000026b2      0x216 build/debug/usart.o
 .debug_abbrev  0x000028c8       0x24 build/debug/startup_stm32f411xe.o
 .debug_abbrev  0x000028ec      0x2f1 /usr/lib/gcc/arm-none-eabi/14.2.0/../../../../arm-none-eabi/lib/thumb/v7e-m+fp/hard/libc_nano.a(libc_a-nano-vfprintf_float.o)
 .debug_abbrev  0x00002bdd      0x28e /usr/lib/gcc/arm-none-eabi/14.2.0/../../../../arm-none-eabi/lib/thumb/v7e-m+fp/hard/libc_nano.a(libc_a-nano-vfprintf_i.o)
 .debug_abbrev  0x00002e6b      0x424 /usr/lib/gcc/arm-none-eabi/14.2.0/../../../../arm-none-eabi/lib/thumb/v7e-m+fp/hard/libc_nano.a(libc_a-findfp.o)
 .debug_abbrev  0x0000328f      0x19b /usr/lib/gcc/arm-none-eabi/14.2.0/../../../../arm-none-eabi/lib/thumb/v7e-m+fp/hard/libc_nano.a(libc_a-fwalk.o)
 .debug_abbrev  0x0000342a      0x21c /usr/lib/gcc/arm-none-eabi/14.2.0/../../../../arm-none-eabi/lib/thumb/v7e-m+fp/hard/libc_nano.a(libc_a-sprintf.o)
 .debug_abbrev  0x00003646      0x221 /usr/lib/gcc/arm-none-eabi/14.2.0/../../../../arm-none-eabi/lib/thumb/v7e-m+fp/hard/libc_nano.a(libc_a-stdio.o)
 .debug_abbrev  0x00003867       0x9e /usr/lib/gcc/arm-none-eabi/14.2.0/../../../../arm-none-eabi/lib/thumb/v7e-m+fp/hard/libc_nano.a(libc_a-memset.o)
 .debug_abbrev  0x00003905       0x86 /usr/lib/gcc/arm-none-eabi/14.2.0/../../../../arm-none-eabi/lib/thumb/v7e-m+fp/hard/libc_nano.a(libc_a-strcat.o)
 .debug_abbrev  0x0000398b      0x237 /usr/lib/gcc/arm-none-eabi/14.2.0/../../../../arm-none-eabi/lib/thumb/v7e-m+fp/hard/libc_nano.a(libc_a-localeconv.o)
 .debug_abbrev  0x00003bc2      0x1b0 /usr/lib/gcc/arm-none-eabi/14.2.0/../../../../arm-none-eabi/lib/thumb/v7e-m+fp/hard/libc_nano.a(libc_a-closer.o)
 .debug_abbrev  0x00003d72      0x1f7 /usr/lib/gcc/arm-none-eabi/14.2.0/../../../../arm-none-eabi/lib/thumb/v7e-m+fp/hard/libc_nano.a(libc_a-reent.o)
 .debug_abbrev  0x00003f69      0x149 /usr/lib/gcc/arm-none-eabi/14.2.0/../../../../arm-none-eabi/lib/thumb/v7e-m+fp/hard/libc_nano.a(libc_a-impure.o)
 .debug_abbrev  0x000040b2      0x1c4 /usr/lib/gcc/arm-none-eabi/14.2.0/../../../../arm-none-eabi/lib/thumb/v7e-m+fp/hard/libc_nano.a(libc_a-lseekr.o)
 .debug_abbrev  0x00004276      0x1b0 /usr/lib/gcc/arm-none-eabi/14.2.0/../../../../arm-none-eabi/lib/thumb/v7e-m+fp/hard/libc_nano.a(libc_a-readr.o)
 .debug_abbrev  0x00004426      0x1b5 /usr/lib/gcc/arm-none-eabi/14.2.0/../../../../arm-none-eabi/lib/thumb/v7e-m+fp/hard/libc_nano.a(libc_a-writer.o)
 .debug_abbrev  0x000045db      0x15e /usr/lib/gcc/arm-none-eabi/14.2.0/../../../../arm-none-eabi/lib/thumb/v7e-m+fp/hard/libc_nano.a(libc_a-errno.o)
 .debug_abbrev  0x00004739       0xc9 /usr/lib/gcc/arm-none-eabi/14.2.0/../../../../arm-none-eabi/lib/thumb/v7e-m+fp/hard/libc_nano.a(libc_a-init.o)
 .debug_abbrev  0x00004802      0x115 /usr/lib/gcc/arm-none-eabi/14.2.0/../../../../arm-none-eabi/lib/thumb/v7e-m+fp/hard/libc_nano.a(libc_a-lock.o)
 .debug_abbrev  0x00004917       0x14 /usr/lib/gcc/arm-none-eabi/14.2.0/../../../../arm-none-eabi/lib/thumb/v7e-m+fp/hard/libc_nano.a(libc_a-memchr.o)
 .debug_abbrev  0x0000492b       0x28 /usr/lib/gcc/arm-none-eabi/14.2.0/../../../../arm-none-eabi/lib/thumb/v7e-m+fp/hard/libc_nano.a(libc_a-strlen.o)
 .debug_abbrev  0x00004953      0x32f /usr/lib/gcc/arm-none-eabi/14.2.0/../../../../arm-none-eabi/lib/thumb/v7e-m+fp/hard/libc_nano.a(libc_a-dtoa.o)
 .debug_abbrev  0x00004c82      0x236 /usr/lib/gcc/arm-none-eabi/14.2.0/../../../../arm-none-eabi/lib/thumb/v7e-m+fp/hard/libc_nano.a(libc_a-freer.o)
 .debug_abbrev  0x00004eb8      0x1cf /usr/lib/gcc/arm-none-eabi/14.2.0/../../../../arm-none-eabi/lib/thumb/v7e-m+fp/hard/libc_nano.a(libc_a-malloc.o)
 .debug_abbrev  0x00005087      0x24a /usr/lib/gcc/arm-none-eabi/14.2.0/../../../../arm-none-eabi/lib/thumb/v7e-m+fp/hard/libc_nano.a(libc_a-mallocr.o)
 .debug_abbrev  0x000052d1      0x1bf /usr/lib/gcc/arm-none-eabi/14.2.0/../../../../arm-none-eabi/lib/thumb/v7e-m+fp/hard/libc_nano.a(libc_a-mlock.o)
 .debug_abbrev  0x00005490      0x451 /usr/lib/gcc/arm-none-eabi/14.2.0/../../../../arm-none-eabi/lib/thumb/v7e-m+fp/hard/libc_nano.a(libc_a-mprec.o)
 .debug_abbrev  0x000058e1      0x31e /usr/lib/gcc/arm-none-eabi/14.2.0/../../../../arm-none-eabi/lib/thumb/v7e-m+fp/hard/libc_nano.a(libc_a-nano-svfprintf.o)
 .debug_abbrev  0x00005bff      0x2b2 /usr/lib/gcc/arm-none-eabi/14.2.0/../../../../arm-none-eabi/lib/thumb/v7e-m+fp/hard/libc_nano.a(libc_a-fflush.o)
 .debug_abbrev  0x00005eb1       0xac /usr/lib/gcc/arm-none-eabi/14.2.0/../../../../arm-none-eabi/lib/thumb/v7e-m+fp/hard/libc_nano.a(libc_a-memmove.o)
 .debug_abbrev  0x00005f5d      0x25a /usr/lib/gcc/arm-none-eabi/14.2.0/../../../../arm-none-eabi/lib/thumb/v7e-m+fp/hard/libc_nano.a(libc_a-locale.o)
 .debug_abbrev  0x000061b7      0x1da /usr/lib/gcc/arm-none-eabi/14.2.0/../../../../arm-none-eabi/lib/thumb/v7e-m+fp/hard/libc_nano.a(libc_a-sbrkr.o)
 .debug_abbrev  0x00006391       0xc1 /usr/lib/gcc/arm-none-eabi/14.2.0/../../../../arm-none-eabi/lib/thumb/v7e-m+fp/hard/libc_nano.a(libc_a-memcpy-stub.o)
 .debug_abbrev  0x00006452      0x1ea /usr/lib/gcc/arm-none-eabi/14.2.0/../../../../arm-none-eabi/lib/thumb/v7e-m+fp/hard/libc_nano.a(libc_a-assert.o)
 .debug_abbrev  0x0000663c      0x1cd /usr/lib/gcc/arm-none-eabi/14.2.0/../../../../arm-none-eabi/lib/thumb/v7e-m+fp/hard/libc_nano.a(libc_a-callocr.o)
 .debug_abbrev  0x00006809      0x211 /usr/lib/gcc/arm-none-eabi/14.2.0/../../../../arm-none-eabi/lib/thumb/v7e-m+fp/hard/libc_nano.a(libc_a-mbtowc_r.o)
 .debug_abbrev  0x00006a1a      0x217 /usr/lib/gcc/arm-none-eabi/14.2.0/../../../../arm-none-eabi/lib/thumb/v7e-m+fp/hard/libc_nano.a(libc_a-reallocr.o)
 .debug_abbrev  0x00006c31      0x1f9 /usr/lib/gcc/arm-none-eabi/14.2.0/../../../../arm-none-eabi/lib/thumb/v7e-m+fp/hard/libc_nano.a(libc_a-wctomb_r.o)
 .debug_abbrev  0x00006e2a       0x62 /usr/lib/gcc/arm-none-eabi/14.2.0/../../../../arm-none-eabi/lib/thumb/v7e-m+fp/hard/libc_nano.a(libc_a-ctype_.o)
 .debug_abbrev  0x00006e8c      0x21d /usr/lib/gcc/arm-none-eabi/14.2.0/../../../../arm-none-eabi/lib/thumb/v7e-m+fp/hard/libc_nano.a(libc_a-fprintf.o)
 .debug_abbrev  0x000070a9       0x99 /usr/lib/gcc/arm-none-eabi/14.2.0/../../../../arm-none-eabi/lib/thumb/v7e-m+fp/hard/libc_nano.a(libc_a-abort.o)
 .debug_abbrev  0x00007142      0x196 /usr/lib/gcc/arm-none-eabi/14.2.0/../../../../arm-none-eabi/lib/thumb/v7e-m+fp/hard/libc_nano.a(libc_a-msizer.o)
 .debug_abbrev  0x000072d8      0x316 /usr/lib/gcc/arm-none-eabi/14.2.0/../../../../arm-none-eabi/lib/thumb/v7e-m+fp/hard/libc_nano.a(libc_a-nano-vfprintf.o)
 .debug_abbrev  0x000075ee      0x22d /usr/lib/gcc/arm-none-eabi/14.2.0/../../../../arm-none-eabi/lib/thumb/v7e-m+fp/hard/libc_nano.a(libc_a-wbuf.o)
 .debug_abbrev  0x0000781b      0x1e2 /usr/lib/gcc/arm-none-eabi/14.2.0/../../../../arm-none-eabi/lib/thumb/v7e-m+fp/hard/libc_nano.a(libc_a-wsetup.o)
 .debug_abbrev  0x000079fd      0x24e /usr/lib/gcc/arm-none-eabi/14.2.0/../../../../arm-none-eabi/lib/thumb/v7e-m+fp/hard/libc_nano.a(libc_a-signal.o)
 .debug_abbrev  0x00007c4b      0x1fd /usr/lib/gcc/arm-none-eabi/14.2.0/../../../../arm-none-eabi/lib/thumb/v7e-m+fp/hard/libc_nano.a(libc_a-signalr.o)
 .debug_abbrev  0x00007e48      0x290 /usr/lib/gcc/arm-none-eabi/14.2.0/../../../../arm-none-eabi/lib/thumb/v7e-m+fp/hard/libc_nano.a(libc_a-makebuf.o)
 .debug_abbrev  0x000080d8      0x1c3 /usr/lib/gcc/arm-none-eabi/14.2.0/../../../../arm-none-eabi/lib/thumb/v7e-m+fp/hard/libc_nano.a(libc_a-fstatr.o)
 .debug_abbrev  0x0000829b      0x1b0 /usr/lib/gcc/arm-none-eabi/14.2.0/../../../../arm-none-eabi/lib/thumb/v7e-m+fp/hard/libc_nano.a(libc_a-isattyr.o)
 .debug_abbrev  0x0000844b       0x28 /usr/lib/gcc/arm-none-eabi/14.2.0/thumb/v7e-m+fp/hard/libgcc.a(_arm_addsubdf3.o)
 .debug_abbrev  0x00008473       0x28 /usr/lib/gcc/arm-none-eabi/14.2.0/thumb/v7e-m+fp/hard/libgcc.a(_arm_muldivdf3.o)
 .debug_abbrev  0x0000849b       0x28 /usr/lib/gcc/arm-none-eabi/14.2.0/thumb/v7e-m+fp/hard/libgcc.a(_arm_cmpdf2.o)
 .debug_abbrev  0x000084c3       0x28 /usr/lib/gcc/arm-none-eabi/14.2.0/thumb/v7e-m+fp/hard/libgcc.a(_arm_unorddf2.o)
 .debug_abbrev  0x000084eb       0x28 /usr/lib/gcc/arm-none-eabi/14.2.0/thumb/v7e-m+fp/hard/libgcc.a(_arm_fixdfsi.o)
 .debug_abbrev  0x00008513       0x14 /usr/lib/gcc/arm-none-eabi/14.2.0/thumb/v7e-m+fp/hard/libgcc.a(_aeabi_ldivmod.o)
 .debug_abbrev  0x00008527       0x14 /usr/lib/gcc/arm-none-eabi/14.2.0/thumb/v7e-m+fp/hard/libgcc.a(_aeabi_uldivmod.o)
 .debug_abbrev  0x0000853b      0x16a /usr/lib/gcc/arm-none-eabi/14.2.0/thumb/v7e-m+fp/hard/libgcc.a(_udivmoddi4.o)
 .debug_abbrev  0x000086a5       0x26 /usr/lib/gcc/arm-none-eabi/14.2.0/thumb/v7e-m+fp/hard/libgcc.a(_dvmd_tls.o)

.debug_loclists
                0x00000000    0x1327d
 .debug_loclists
                0x00000000       0xe6 build/debug/communication.o
 .debug_loclists
                0x000000e6       0x5d build/debug/i2c.o
 .debug_loclists
                0x00000143      0x204 build/debug/main.o
 .debug_loclists
                0x00000347       0xe1 build/debug/stm32f4xx_hal.o
 .debug_loclists
                0x00000428      0x54d build/debug/stm32f4xx_hal_cortex.o
 .debug_loclists
                0x00000975      0x386 build/debug/stm32f4xx_hal_gpio.o
 .debug_loclists
                0x00000cfb     0x3174 build/debug/stm32f4xx_hal_i2c.o
 .debug_loclists
                0x00003e6f      0x3db build/debug/stm32f4xx_hal_rcc.o
 .debug_loclists
                0x0000424a     0x3805 build/debug/stm32f4xx_hal_tim.o
 .debug_loclists
                0x00007a4f     0x13f6 build/debug/stm32f4xx_hal_tim_ex.o
 .debug_loclists
                0x00008e45     0x2cd8 build/debug/stm32f4xx_hal_uart.o
 .debug_loclists
                0x0000bb1d      0x2cd build/debug/syscalls.o
 .debug_loclists
                0x0000bdea       0x52 build/debug/sysmem.o
 .debug_loclists
                0x0000be3c       0xe7 build/debug/system_stm32f4xx.o
 .debug_loclists
                0x0000bf23       0x91 build/debug/tim.o
 .debug_loclists
                0x0000bfb4       0x74 build/debug/usart.o
 .debug_loclists
                0x0000c028      0x594 /usr/lib/gcc/arm-none-eabi/14.2.0/../../../../arm-none-eabi/lib/thumb/v7e-m+fp/hard/libc_nano.a(libc_a-nano-vfprintf_float.o)
 .debug_loclists
                0x0000c5bc      0x449 /usr/lib/gcc/arm-none-eabi/14.2.0/../../../../arm-none-eabi/lib/thumb/v7e-m+fp/hard/libc_nano.a(libc_a-nano-vfprintf_i.o)
 .debug_loclists
                0x0000ca05      0x2b6 /usr/lib/gcc/arm-none-eabi/14.2.0/../../../../arm-none-eabi/lib/thumb/v7e-m+fp/hard/libc_nano.a(libc_a-findfp.o)
 .debug_loclists
                0x0000ccbb       0x91 /usr/lib/gcc/arm-none-eabi/14.2.0/../../../../arm-none-eabi/lib/thumb/v7e-m+fp/hard/libc_nano.a(libc_a-fwalk.o)
 .debug_loclists
                0x0000cd4c       0x9b /usr/lib/gcc/arm-none-eabi/14.2.0/../../../../arm-none-eabi/lib/thumb/v7e-m+fp/hard/libc_nano.a(libc_a-sprintf.o)
 .debug_loclists
                0x0000cde7      0x25d /usr/lib/gcc/arm-none-eabi/14.2.0/../../../../arm-none-eabi/lib/thumb/v7e-m+fp/hard/libc_nano.a(libc_a-stdio.o)
 .debug_loclists
                0x0000d044       0x4d /usr/lib/gcc/arm-none-eabi/14.2.0/../../../../arm-none-eabi/lib/thumb/v7e-m+fp/hard/libc_nano.a(libc_a-memset.o)
 .debug_loclists
                0x0000d091       0x4f /usr/lib/gcc/arm-none-eabi/14.2.0/../../../../arm-none-eabi/lib/thumb/v7e-m+fp/hard/libc_nano.a(libc_a-strcat.o)
 .debug_loclists
                0x0000d0e0       0x57 /usr/lib/gcc/arm-none-eabi/14.2.0/../../../../arm-none-eabi/lib/thumb/v7e-m+fp/hard/libc_nano.a(libc_a-localeconv.o)
 .debug_loclists
                0x0000d137       0x58 /usr/lib/gcc/arm-none-eabi/14.2.0/../../../../arm-none-eabi/lib/thumb/v7e-m+fp/hard/libc_nano.a(libc_a-closer.o)
 .debug_loclists
                0x0000d18f       0x9c /usr/lib/gcc/arm-none-eabi/14.2.0/../../../../arm-none-eabi/lib/thumb/v7e-m+fp/hard/libc_nano.a(libc_a-reent.o)
 .debug_loclists
                0x0000d22b       0xa0 /usr/lib/gcc/arm-none-eabi/14.2.0/../../../../arm-none-eabi/lib/thumb/v7e-m+fp/hard/libc_nano.a(libc_a-lseekr.o)
 .debug_loclists
                0x0000d2cb       0xa0 /usr/lib/gcc/arm-none-eabi/14.2.0/../../../../arm-none-eabi/lib/thumb/v7e-m+fp/hard/libc_nano.a(libc_a-readr.o)
 .debug_loclists
                0x0000d36b       0xa0 /usr/lib/gcc/arm-none-eabi/14.2.0/../../../../arm-none-eabi/lib/thumb/v7e-m+fp/hard/libc_nano.a(libc_a-writer.o)
 .debug_loclists
                0x0000d40b       0x54 /usr/lib/gcc/arm-none-eabi/14.2.0/../../../../arm-none-eabi/lib/thumb/v7e-m+fp/hard/libc_nano.a(libc_a-init.o)
 .debug_loclists
                0x0000d45f       0x29 /usr/lib/gcc/arm-none-eabi/14.2.0/../../../../arm-none-eabi/lib/thumb/v7e-m+fp/hard/libc_nano.a(libc_a-lock.o)
 .debug_loclists
                0x0000d488     0x1db9 /usr/lib/gcc/arm-none-eabi/14.2.0/../../../../arm-none-eabi/lib/thumb/v7e-m+fp/hard/libc_nano.a(libc_a-dtoa.o)
 .debug_loclists
                0x0000f241       0xe0 /usr/lib/gcc/arm-none-eabi/14.2.0/../../../../arm-none-eabi/lib/thumb/v7e-m+fp/hard/libc_nano.a(libc_a-freer.o)
 .debug_loclists
                0x0000f321       0x54 /usr/lib/gcc/arm-none-eabi/14.2.0/../../../../arm-none-eabi/lib/thumb/v7e-m+fp/hard/libc_nano.a(libc_a-malloc.o)
 .debug_loclists
                0x0000f375      0x23a /usr/lib/gcc/arm-none-eabi/14.2.0/../../../../arm-none-eabi/lib/thumb/v7e-m+fp/hard/libc_nano.a(libc_a-mallocr.o)
 .debug_loclists
                0x0000f5af       0x46 /usr/lib/gcc/arm-none-eabi/14.2.0/../../../../arm-none-eabi/lib/thumb/v7e-m+fp/hard/libc_nano.a(libc_a-mlock.o)
 .debug_loclists
                0x0000f5f5     0x1808 /usr/lib/gcc/arm-none-eabi/14.2.0/../../../../arm-none-eabi/lib/thumb/v7e-m+fp/hard/libc_nano.a(libc_a-mprec.o)
 .debug_loclists
                0x00010dfd      0x4c3 /usr/lib/gcc/arm-none-eabi/14.2.0/../../../../arm-none-eabi/lib/thumb/v7e-m+fp/hard/libc_nano.a(libc_a-nano-svfprintf.o)
 .debug_loclists
                0x000112c0      0x209 /usr/lib/gcc/arm-none-eabi/14.2.0/../../../../arm-none-eabi/lib/thumb/v7e-m+fp/hard/libc_nano.a(libc_a-fflush.o)
 .debug_loclists
                0x000114c9      0x149 /usr/lib/gcc/arm-none-eabi/14.2.0/../../../../arm-none-eabi/lib/thumb/v7e-m+fp/hard/libc_nano.a(libc_a-memmove.o)
 .debug_loclists
                0x00011612       0xa2 /usr/lib/gcc/arm-none-eabi/14.2.0/../../../../arm-none-eabi/lib/thumb/v7e-m+fp/hard/libc_nano.a(libc_a-locale.o)
 .debug_loclists
                0x000116b4       0x58 /usr/lib/gcc/arm-none-eabi/14.2.0/../../../../arm-none-eabi/lib/thumb/v7e-m+fp/hard/libc_nano.a(libc_a-sbrkr.o)
 .debug_loclists
                0x0001170c       0xad /usr/lib/gcc/arm-none-eabi/14.2.0/../../../../arm-none-eabi/lib/thumb/v7e-m+fp/hard/libc_nano.a(libc_a-memcpy-stub.o)
 .debug_loclists
                0x000117b9      0x110 /usr/lib/gcc/arm-none-eabi/14.2.0/../../../../arm-none-eabi/lib/thumb/v7e-m+fp/hard/libc_nano.a(libc_a-assert.o)
 .debug_loclists
                0x000118c9       0xc3 /usr/lib/gcc/arm-none-eabi/14.2.0/../../../../arm-none-eabi/lib/thumb/v7e-m+fp/hard/libc_nano.a(libc_a-callocr.o)
 .debug_loclists